{"environment":"development","level":"warn","message":"🛑 SIGTERM received","service":"dairy-backend","timestamp":"2026-05-16 10:59:57"}
{"environment":"development","level":"info","message":"✅ PostgreSQL connected","service":"dairy-backend","timestamp":"2026-05-16 15:20:42"}
{"environment":"development","level":"info","message":"🚀 Server running in development mode on port 5000","service":"dairy-backend","timestamp":"2026-05-16 15:20:42"}
{"environment":"development","level":"info","message":"✅ PostgreSQL connected","service":"dairy-backend","timestamp":"2026-05-16 15:54:23"}
{"environment":"development","level":"info","message":"🚀 Server running in development mode on port 5000","service":"dairy-backend","timestamp":"2026-05-16 15:54:23"}
{"environment":"development","level":"info","message":"✅ PostgreSQL connected","service":"dairy-backend","timestamp":"2026-05-16 15:54:25"}
{"environment":"development","level":"info","message":"🚀 Server running in development mode on port 5000","service":"dairy-backend","timestamp":"2026-05-16 15:54:25"}
{"environment":"development","level":"info","message":"✅ PostgreSQL connected","service":"dairy-backend","timestamp":"2026-05-16 15:54:28"}
{"environment":"development","level":"info","message":"🚀 Server running in development mode on port 5000","service":"dairy-backend","timestamp":"2026-05-16 15:54:28"}
{"code":"INTERNAL_SERVER_ERROR","environment":"development","ip":"::1","level":"error","message":"secretOrPrivateKey must have a value","method":"POST","service":"dairy-backend","stack":"Error: secretOrPrivateKey must have a value\n    at globalErrorHandler (/Users/adityasupekar/Desktop/dairy/src/middleware/error.middleware.ts:21:17)\n    at Layer.handleError (/Users/adityasupekar/Desktop/dairy/node_modules/router/lib/layer.js:116:17)\n    at trimPrefix (/Users/adityasupekar/Desktop/dairy/node_modules/router/index.js:340:13)\n    at /Users/adityasupekar/Desktop/dairy/node_modules/router/index.js:297:9\n    at processParams (/Users/adityasupekar/Desktop/dairy/node_modules/router/index.js:582:12)\n    at next (/Users/adityasupekar/Desktop/dairy/node_modules/router/index.js:291:5)\n    at /Users/adityasupekar/Desktop/dairy/node_modules/router/index.js:688:15\n    at next (/Users/adityasupekar/Desktop/dairy/node_modules/router/index.js:276:14)\n    at /Users/adityasupekar/Desktop/dairy/node_modules/router/index.js:688:15\n    at next (/Users/adityasupekar/Desktop/dairy/node_modules/router/index.js:276:14)","statusCode":500,"timestamp":"2026-05-16 16:02:22","url":"/api/auth/verify-phone","userAgent":"PostmanRuntime/7.53.0"}
{"code":"INTERNAL_SERVER_ERROR","environment":"development","ip":"::1","level":"error","message":"secretOrPrivateKey must have a value","method":"POST","service":"dairy-backend","stack":"Error: secretOrPrivateKey must have a value\n    at globalErrorHandler (/Users/adityasupekar/Desktop/dairy/src/middleware/error.middleware.ts:21:17)\n    at Layer.handleError (/Users/adityasupekar/Desktop/dairy/node_modules/router/lib/layer.js:116:17)\n    at trimPrefix (/Users/adityasupekar/Desktop/dairy/node_modules/router/index.js:340:13)\n    at /Users/adityasupekar/Desktop/dairy/node_modules/router/index.js:297:9\n    at processParams (/Users/adityasupekar/Desktop/dairy/node_modules/router/index.js:582:12)\n    at next (/Users/adityasupekar/Desktop/dairy/node_modules/router/index.js:291:5)\n    at /Users/adityasupekar/Desktop/dairy/node_modules/router/index.js:688:15\n    at next (/Users/adityasupekar/Desktop/dairy/node_modules/router/index.js:276:14)\n    at /Users/adityasupekar/Desktop/dairy/node_modules/router/index.js:688:15\n    at next (/Users/adityasupekar/Desktop/dairy/node_modules/router/index.js:276:14)","statusCode":500,"timestamp":"2026-05-16 16:04:21","url":"/api/auth/verify-phone","userAgent":"PostmanRuntime/7.53.0"}
{"code":"INTERNAL_SERVER_ERROR","environment":"development","ip":"::1","level":"error","message":"secretOrPrivateKey must have a value","method":"POST","service":"dairy-backend","stack":"Error: secretOrPrivateKey must have a value\n    at globalErrorHandler (/Users/adityasupekar/Desktop/dairy/src/middleware/error.middleware.ts:21:17)\n    at Layer.handleError (/Users/adityasupekar/Desktop/dairy/node_modules/router/lib/layer.js:116:17)\n    at trimPrefix (/Users/adityasupekar/Desktop/dairy/node_modules/router/index.js:340:13)\n    at /Users/adityasupekar/Desktop/dairy/node_modules/router/index.js:297:9\n    at processParams (/Users/adityasupekar/Desktop/dairy/node_modules/router/index.js:582:12)\n    at next (/Users/adityasupekar/Desktop/dairy/node_modules/router/index.js:291:5)\n    at /Users/adityasupekar/Desktop/dairy/node_modules/router/index.js:688:15\n    at next (/Users/adityasupekar/Desktop/dairy/node_modules/router/index.js:276:14)\n    at /Users/adityasupekar/Desktop/dairy/node_modules/router/index.js:688:15\n    at next (/Users/adityasupekar/Desktop/dairy/node_modules/router/index.js:276:14)","statusCode":500,"timestamp":"2026-05-16 16:05:58","url":"/api/auth/verify-phone","userAgent":"PostmanRuntime/7.53.0"}
{"environment":"development","level":"warn","message":"🛑 SIGINT received","service":"dairy-backend","timestamp":"2026-05-16 16:07:24"}
{"environment":"development","level":"info","message":"✅ Server closed","service":"dairy-backend","timestamp":"2026-05-16 16:07:24"}
{"environment":"development","level":"info","message":"✅ PostgreSQL connected","service":"dairy-backend","timestamp":"2026-05-16 16:07:31"}
{"environment":"development","level":"info","message":"🚀 Server running in development mode on port 5000","service":"dairy-backend","timestamp":"2026-05-16 16:07:31"}
{"environment":"development","level":"info","message":"✅ PostgreSQL connected","service":"dairy-backend","timestamp":"2026-05-16 16:07:58"}
{"environment":"development","level":"info","message":"🚀 Server running in development mode on port 5000","service":"dairy-backend","timestamp":"2026-05-16 16:07:58"}
{"environment":"development","level":"warn","message":"🛑 SIGINT received","service":"dairy-backend","timestamp":"2026-05-16 16:49:25"}
{"environment":"development","level":"info","message":"✅ Server closed","service":"dairy-backend","timestamp":"2026-05-16 16:49:25"}
{"environment":"development","level":"info","message":"✅ PostgreSQL connected","service":"dairy-backend","timestamp":"2026-05-16 16:52:13"}
{"environment":"development","level":"info","message":"🚀 Server running in development mode on port 5000","service":"dairy-backend","timestamp":"2026-05-16 16:52:13"}
{"environment":"development","level":"info","message":"✅ PostgreSQL connected","service":"dairy-backend","timestamp":"2026-05-16 17:47:54"}
{"environment":"development","level":"info","message":"🚀 Server running in development mode on port 5000","service":"dairy-backend","timestamp":"2026-05-16 17:47:54"}
{"environment":"development","level":"info","message":"✅ PostgreSQL connected","service":"dairy-backend","timestamp":"2026-05-16 17:48:09"}
{"environment":"development","level":"info","message":"🚀 Server running in development mode on port 5000","service":"dairy-backend","timestamp":"2026-05-16 17:48:09"}
{"environment":"development","level":"info","message":"✅ PostgreSQL connected","service":"dairy-backend","timestamp":"2026-05-16 17:48:20"}
{"environment":"development","level":"info","message":"🚀 Server running in development mode on port 5000","service":"dairy-backend","timestamp":"2026-05-16 17:48:20"}
{"environment":"development","level":"info","message":"✅ PostgreSQL connected","service":"dairy-backend","timestamp":"2026-05-16 17:48:29"}
{"environment":"development","level":"info","message":"🚀 Server running in development mode on port 5000","service":"dairy-backend","timestamp":"2026-05-16 17:48:29"}
{"environment":"development","level":"info","message":"✅ PostgreSQL connected","service":"dairy-backend","timestamp":"2026-05-16 17:48:49"}
{"environment":"development","level":"info","message":"🚀 Server running in development mode on port 5000","service":"dairy-backend","timestamp":"2026-05-16 17:48:49"}
{"environment":"development","level":"info","message":"✅ PostgreSQL connected","service":"dairy-backend","timestamp":"2026-05-16 17:48:54"}
{"environment":"development","level":"info","message":"🚀 Server running in development mode on port 5000","service":"dairy-backend","timestamp":"2026-05-16 17:48:54"}
{"environment":"development","level":"info","message":"✅ PostgreSQL connected","service":"dairy-backend","timestamp":"2026-05-16 17:48:57"}
{"environment":"development","level":"info","message":"🚀 Server running in development mode on port 5000","service":"dairy-backend","timestamp":"2026-05-16 17:48:57"}
{"environment":"development","level":"info","message":"✅ PostgreSQL connected","service":"dairy-backend","timestamp":"2026-05-16 17:49:00"}
{"environment":"development","level":"info","message":"🚀 Server running in development mode on port 5000","service":"dairy-backend","timestamp":"2026-05-16 17:49:00"}
{"environment":"development","level":"info","message":"✅ PostgreSQL connected","service":"dairy-backend","timestamp":"2026-05-16 17:49:02"}
{"environment":"development","level":"info","message":"🚀 Server running in development mode on port 5000","service":"dairy-backend","timestamp":"2026-05-16 17:49:02"}
{"environment":"development","level":"info","message":"✅ PostgreSQL connected","service":"dairy-backend","timestamp":"2026-05-16 17:54:29"}
{"environment":"development","level":"info","message":"🚀 Server running in development mode on port 5000","service":"dairy-backend","timestamp":"2026-05-16 17:54:29"}
{"environment":"development","level":"info","message":"✅ PostgreSQL connected","service":"dairy-backend","timestamp":"2026-05-16 17:55:17"}
{"environment":"development","level":"info","message":"🚀 Server running in development mode on port 5000","service":"dairy-backend","timestamp":"2026-05-16 17:55:17"}
{"environment":"development","level":"info","message":"✅ PostgreSQL connected","service":"dairy-backend","timestamp":"2026-05-16 17:55:27"}
{"environment":"development","level":"info","message":"🚀 Server running in development mode on port 5000","service":"dairy-backend","timestamp":"2026-05-16 17:55:27"}
{"environment":"development","level":"info","message":"✅ PostgreSQL connected","service":"dairy-backend","timestamp":"2026-05-16 17:55:35"}
{"environment":"development","level":"info","message":"🚀 Server running in development mode on port 5000","service":"dairy-backend","timestamp":"2026-05-16 17:55:35"}
{"environment":"development","level":"info","message":"✅ PostgreSQL connected","service":"dairy-backend","timestamp":"2026-05-16 17:55:45"}
{"environment":"development","level":"info","message":"🚀 Server running in development mode on port 5000","service":"dairy-backend","timestamp":"2026-05-16 17:55:45"}
{"environment":"development","level":"info","message":"✅ PostgreSQL connected","service":"dairy-backend","timestamp":"2026-05-16 17:58:12"}
{"environment":"development","level":"info","message":"🚀 Server running in development mode on port 5000","service":"dairy-backend","timestamp":"2026-05-16 17:58:12"}
{"environment":"development","level":"info","message":"✅ PostgreSQL connected","service":"dairy-backend","timestamp":"2026-05-16 17:59:36"}
{"environment":"development","level":"info","message":"🚀 Server running in development mode on port 5000","service":"dairy-backend","timestamp":"2026-05-16 17:59:36"}
{"environment":"development","level":"info","message":"✅ PostgreSQL connected","service":"dairy-backend","timestamp":"2026-05-16 18:00:30"}
{"environment":"development","level":"info","message":"🚀 Server running in development mode on port 5000","service":"dairy-backend","timestamp":"2026-05-16 18:00:30"}
{"environment":"development","level":"info","message":"✅ PostgreSQL connected","service":"dairy-backend","timestamp":"2026-05-16 18:01:26"}
{"environment":"development","level":"info","message":"🚀 Server running in development mode on port 5000","service":"dairy-backend","timestamp":"2026-05-16 18:01:26"}
{"environment":"development","level":"info","message":"✅ PostgreSQL connected","service":"dairy-backend","timestamp":"2026-05-16 18:01:35"}
{"environment":"development","level":"info","message":"🚀 Server running in development mode on port 5000","service":"dairy-backend","timestamp":"2026-05-16 18:01:35"}
{"environment":"development","level":"info","message":"✅ PostgreSQL connected","service":"dairy-backend","timestamp":"2026-05-16 18:01:46"}
{"environment":"development","level":"info","message":"🚀 Server running in development mode on port 5000","service":"dairy-backend","timestamp":"2026-05-16 18:01:46"}
{"environment":"development","level":"info","message":"✅ PostgreSQL connected","service":"dairy-backend","timestamp":"2026-05-16 18:01:47"}
{"environment":"development","level":"info","message":"🚀 Server running in development mode on port 5000","service":"dairy-backend","timestamp":"2026-05-16 18:01:47"}
{"environment":"development","level":"info","message":"✅ PostgreSQL connected","service":"dairy-backend","timestamp":"2026-05-16 18:02:12"}
{"environment":"development","level":"info","message":"🚀 Server running in development mode on port 5000","service":"dairy-backend","timestamp":"2026-05-16 18:02:12"}
{"environment":"development","level":"info","message":"✅ PostgreSQL connected","service":"dairy-backend","timestamp":"2026-05-16 18:02:17"}
{"environment":"development","level":"info","message":"🚀 Server running in development mode on port 5000","service":"dairy-backend","timestamp":"2026-05-16 18:02:17"}
{"environment":"development","level":"info","message":"✅ PostgreSQL connected","service":"dairy-backend","timestamp":"2026-05-16 18:02:22"}
{"environment":"development","level":"info","message":"🚀 Server running in development mode on port 5000","service":"dairy-backend","timestamp":"2026-05-16 18:02:22"}
{"environment":"development","level":"info","message":"✅ PostgreSQL connected","service":"dairy-backend","timestamp":"2026-05-16 18:03:01"}
{"environment":"development","level":"info","message":"🚀 Server running in development mode on port 5000","service":"dairy-backend","timestamp":"2026-05-16 18:03:01"}
{"environment":"development","level":"info","message":"✅ PostgreSQL connected","service":"dairy-backend","timestamp":"2026-05-16 18:03:02"}
{"environment":"development","level":"info","message":"🚀 Server running in development mode on port 5000","service":"dairy-backend","timestamp":"2026-05-16 18:03:02"}
{"environment":"development","level":"info","message":"✅ PostgreSQL connected","service":"dairy-backend","timestamp":"2026-05-16 18:03:03"}
{"environment":"development","level":"info","message":"🚀 Server running in development mode on port 5000","service":"dairy-backend","timestamp":"2026-05-16 18:03:03"}
{"environment":"development","level":"info","message":"✅ PostgreSQL connected","service":"dairy-backend","timestamp":"2026-05-16 18:03:04"}
{"environment":"development","level":"info","message":"🚀 Server running in development mode on port 5000","service":"dairy-backend","timestamp":"2026-05-16 18:03:04"}
{"environment":"development","level":"info","message":"✅ PostgreSQL connected","service":"dairy-backend","timestamp":"2026-05-16 18:03:07"}
{"environment":"development","level":"info","message":"🚀 Server running in development mode on port 5000","service":"dairy-backend","timestamp":"2026-05-16 18:03:07"}
{"environment":"development","level":"info","message":"✅ PostgreSQL connected","service":"dairy-backend","timestamp":"2026-05-16 18:05:43"}
{"environment":"development","level":"info","message":"🚀 Server running in development mode on port 5000","service":"dairy-backend","timestamp":"2026-05-16 18:05:43"}
{"environment":"development","level":"info","message":"✅ PostgreSQL connected","service":"dairy-backend","timestamp":"2026-05-16 18:05:56"}
{"environment":"development","level":"info","message":"🚀 Server running in development mode on port 5000","service":"dairy-backend","timestamp":"2026-05-16 18:05:56"}
{"environment":"development","level":"info","message":"✅ PostgreSQL connected","service":"dairy-backend","timestamp":"2026-05-16 18:05:59"}
{"environment":"development","level":"info","message":"🚀 Server running in development mode on port 5000","service":"dairy-backend","timestamp":"2026-05-16 18:05:59"}
{"environment":"development","level":"info","message":"✅ PostgreSQL connected","service":"dairy-backend","timestamp":"2026-05-16 18:06:04"}
{"environment":"development","level":"info","message":"🚀 Server running in development mode on port 5000","service":"dairy-backend","timestamp":"2026-05-16 18:06:04"}
{"environment":"development","level":"info","message":"✅ PostgreSQL connected","service":"dairy-backend","timestamp":"2026-05-16 18:06:07"}
{"environment":"development","level":"info","message":"🚀 Server running in development mode on port 5000","service":"dairy-backend","timestamp":"2026-05-16 18:06:07"}
{"environment":"development","level":"info","message":"✅ PostgreSQL connected","service":"dairy-backend","timestamp":"2026-05-16 18:06:17"}
{"environment":"development","level":"info","message":"🚀 Server running in development mode on port 5000","service":"dairy-backend","timestamp":"2026-05-16 18:06:17"}
{"environment":"development","level":"info","message":"✅ PostgreSQL connected","service":"dairy-backend","timestamp":"2026-05-16 18:06:18"}
{"environment":"development","level":"info","message":"🚀 Server running in development mode on port 5000","service":"dairy-backend","timestamp":"2026-05-16 18:06:18"}
{"environment":"development","level":"info","message":"✅ PostgreSQL connected","service":"dairy-backend","timestamp":"2026-05-16 18:06:20"}
{"environment":"development","level":"info","message":"🚀 Server running in development mode on port 5000","service":"dairy-backend","timestamp":"2026-05-16 18:06:20"}
{"environment":"development","level":"info","message":"✅ PostgreSQL connected","service":"dairy-backend","timestamp":"2026-05-16 18:06:22"}
{"environment":"development","level":"info","message":"🚀 Server running in development mode on port 5000","service":"dairy-backend","timestamp":"2026-05-16 18:06:22"}
{"environment":"development","level":"info","message":"✅ PostgreSQL connected","service":"dairy-backend","timestamp":"2026-05-16 18:06:24"}
{"environment":"development","level":"info","message":"🚀 Server running in development mode on port 5000","service":"dairy-backend","timestamp":"2026-05-16 18:06:24"}
{"environment":"development","level":"info","message":"✅ PostgreSQL connected","service":"dairy-backend","timestamp":"2026-05-16 18:06:36"}
{"environment":"development","level":"info","message":"🚀 Server running in development mode on port 5000","service":"dairy-backend","timestamp":"2026-05-16 18:06:36"}
{"environment":"development","level":"info","message":"✅ PostgreSQL connected","service":"dairy-backend","timestamp":"2026-05-16 18:06:40"}
{"environment":"development","level":"info","message":"🚀 Server running in development mode on port 5000","service":"dairy-backend","timestamp":"2026-05-16 18:06:40"}
{"environment":"development","level":"info","message":"✅ PostgreSQL connected","service":"dairy-backend","timestamp":"2026-05-16 18:06:45"}
{"environment":"development","level":"info","message":"🚀 Server running in development mode on port 5000","service":"dairy-backend","timestamp":"2026-05-16 18:06:45"}
{"environment":"development","level":"info","message":"✅ PostgreSQL connected","service":"dairy-backend","timestamp":"2026-05-16 18:06:47"}
{"environment":"development","level":"info","message":"🚀 Server running in development mode on port 5000","service":"dairy-backend","timestamp":"2026-05-16 18:06:47"}
{"environment":"development","level":"info","message":"✅ PostgreSQL connected","service":"dairy-backend","timestamp":"2026-05-16 18:06:48"}
{"environment":"development","level":"info","message":"🚀 Server running in development mode on port 5000","service":"dairy-backend","timestamp":"2026-05-16 18:06:48"}
{"environment":"development","level":"info","message":"✅ PostgreSQL connected","service":"dairy-backend","timestamp":"2026-05-16 18:06:57"}
{"environment":"development","level":"info","message":"🚀 Server running in development mode on port 5000","service":"dairy-backend","timestamp":"2026-05-16 18:06:57"}
{"environment":"development","level":"info","message":"✅ PostgreSQL connected","service":"dairy-backend","timestamp":"2026-05-16 18:07:00"}
{"environment":"development","level":"info","message":"🚀 Server running in development mode on port 5000","service":"dairy-backend","timestamp":"2026-05-16 18:07:00"}
{"environment":"development","level":"info","message":"✅ PostgreSQL connected","service":"dairy-backend","timestamp":"2026-05-16 18:07:02"}
{"environment":"development","level":"info","message":"🚀 Server running in development mode on port 5000","service":"dairy-backend","timestamp":"2026-05-16 18:07:02"}
{"environment":"development","level":"info","message":"✅ PostgreSQL connected","service":"dairy-backend","timestamp":"2026-05-16 18:07:03"}
{"environment":"development","level":"info","message":"🚀 Server running in development mode on port 5000","service":"dairy-backend","timestamp":"2026-05-16 18:07:03"}
{"environment":"development","level":"info","message":"✅ PostgreSQL connected","service":"dairy-backend","timestamp":"2026-05-16 18:07:05"}
{"environment":"development","level":"info","message":"🚀 Server running in development mode on port 5000","service":"dairy-backend","timestamp":"2026-05-16 18:07:05"}
{"environment":"development","level":"info","message":"✅ PostgreSQL connected","service":"dairy-backend","timestamp":"2026-05-16 18:07:19"}
{"environment":"development","level":"info","message":"🚀 Server running in development mode on port 5000","service":"dairy-backend","timestamp":"2026-05-16 18:07:19"}
{"environment":"development","level":"info","message":"✅ PostgreSQL connected","service":"dairy-backend","timestamp":"2026-05-16 18:07:22"}
{"environment":"development","level":"info","message":"🚀 Server running in development mode on port 5000","service":"dairy-backend","timestamp":"2026-05-16 18:07:22"}
{"environment":"development","level":"info","message":"✅ PostgreSQL connected","service":"dairy-backend","timestamp":"2026-05-16 18:07:26"}
{"environment":"development","level":"info","message":"🚀 Server running in development mode on port 5000","service":"dairy-backend","timestamp":"2026-05-16 18:07:26"}
{"environment":"development","level":"info","message":"✅ PostgreSQL connected","service":"dairy-backend","timestamp":"2026-05-16 18:07:33"}
{"environment":"development","level":"info","message":"🚀 Server running in development mode on port 5000","service":"dairy-backend","timestamp":"2026-05-16 18:07:33"}
{"environment":"development","level":"info","message":"✅ PostgreSQL connected","service":"dairy-backend","timestamp":"2026-05-16 18:07:34"}
{"environment":"development","level":"info","message":"🚀 Server running in development mode on port 5000","service":"dairy-backend","timestamp":"2026-05-16 18:07:34"}
{"environment":"development","level":"info","message":"✅ PostgreSQL connected","service":"dairy-backend","timestamp":"2026-05-16 18:07:35"}
{"environment":"development","level":"info","message":"🚀 Server running in development mode on port 5000","service":"dairy-backend","timestamp":"2026-05-16 18:07:35"}
{"environment":"development","level":"info","message":"✅ PostgreSQL connected","service":"dairy-backend","timestamp":"2026-05-16 18:07:38"}
{"environment":"development","level":"info","message":"🚀 Server running in development mode on port 5000","service":"dairy-backend","timestamp":"2026-05-16 18:07:38"}
{"environment":"development","level":"info","message":"✅ PostgreSQL connected","service":"dairy-backend","timestamp":"2026-05-16 18:07:49"}
{"environment":"development","level":"info","message":"🚀 Server running in development mode on port 5000","service":"dairy-backend","timestamp":"2026-05-16 18:07:49"}
{"environment":"development","level":"info","message":"✅ PostgreSQL connected","service":"dairy-backend","timestamp":"2026-05-16 18:07:51"}
{"environment":"development","level":"info","message":"🚀 Server running in development mode on port 5000","service":"dairy-backend","timestamp":"2026-05-16 18:07:51"}
{"environment":"development","level":"info","message":"✅ PostgreSQL connected","service":"dairy-backend","timestamp":"2026-05-16 18:07:52"}
{"environment":"development","level":"info","message":"🚀 Server running in development mode on port 5000","service":"dairy-backend","timestamp":"2026-05-16 18:07:52"}
{"environment":"development","level":"info","message":"✅ PostgreSQL connected","service":"dairy-backend","timestamp":"2026-05-16 18:07:55"}
{"environment":"development","level":"info","message":"🚀 Server running in development mode on port 5000","service":"dairy-backend","timestamp":"2026-05-16 18:07:55"}
{"environment":"development","level":"info","message":"✅ PostgreSQL connected","service":"dairy-backend","timestamp":"2026-05-16 18:07:56"}
{"environment":"development","level":"info","message":"🚀 Server running in development mode on port 5000","service":"dairy-backend","timestamp":"2026-05-16 18:07:56"}
{"environment":"development","level":"info","message":"✅ PostgreSQL connected","service":"dairy-backend","timestamp":"2026-05-16 18:32:00"}
{"environment":"development","level":"info","message":"🚀 Server running in development mode on port 5000","service":"dairy-backend","timestamp":"2026-05-16 18:32:00"}
{"environment":"development","level":"info","message":"✅ PostgreSQL connected","service":"dairy-backend","timestamp":"2026-05-16 18:32:09"}
{"environment":"development","level":"info","message":"🚀 Server running in development mode on port 5000","service":"dairy-backend","timestamp":"2026-05-16 18:32:09"}
{"environment":"development","level":"info","message":"✅ PostgreSQL connected","service":"dairy-backend","timestamp":"2026-05-16 18:33:21"}
{"environment":"development","level":"info","message":"🚀 Server running in development mode on port 5000","service":"dairy-backend","timestamp":"2026-05-16 18:33:21"}
{"environment":"development","level":"info","message":"✅ PostgreSQL connected","service":"dairy-backend","timestamp":"2026-05-16 18:33:27"}
{"environment":"development","level":"info","message":"🚀 Server running in development mode on port 5000","service":"dairy-backend","timestamp":"2026-05-16 18:33:27"}
{"environment":"development","level":"info","message":"✅ PostgreSQL connected","service":"dairy-backend","timestamp":"2026-05-16 18:33:50"}
{"environment":"development","level":"info","message":"🚀 Server running in development mode on port 5000","service":"dairy-backend","timestamp":"2026-05-16 18:33:50"}
{"code":"NO_TOKEN","environment":"development","ip":"::ffff:127.0.0.1","level":"error","message":"Unauthorized access","method":"GET","service":"dairy-backend","stack":"Error: Unauthorized access\n    at <anonymous> (/Users/adityasupekar/Desktop/dairy/src/middleware/auth.middleware.ts:77:23)\n    at <anonymous> (/Users/adityasupekar/Desktop/dairy/src/utils/asyncHandler.ts:16:21)\n    at Layer.handleRequest (/Users/adityasupekar/Desktop/dairy/node_modules/router/lib/layer.js:152:17)\n    at next (/Users/adityasupekar/Desktop/dairy/node_modules/router/lib/route.js:157:13)\n    at Route.dispatch (/Users/adityasupekar/Desktop/dairy/node_modules/router/lib/route.js:117:3)\n    at handle (/Users/adityasupekar/Desktop/dairy/node_modules/router/index.js:435:11)\n    at Layer.handleRequest (/Users/adityasupekar/Desktop/dairy/node_modules/router/lib/layer.js:152:17)\n    at /Users/adityasupekar/Desktop/dairy/node_modules/router/index.js:295:15\n    at processParams (/Users/adityasupekar/Desktop/dairy/node_modules/router/index.js:582:12)\n    at next (/Users/adityasupekar/Desktop/dairy/node_modules/router/index.js:291:5)","statusCode":401,"timestamp":"2026-05-16 18:37:43","url":"/api/v1/admin/profile","userAgent":"Thunder Client (https://www.thunderclient.com)"}
{"environment":"development","level":"warn","message":"🛑 SIGINT received","service":"dairy-backend","timestamp":"2026-05-16 20:54:17"}
{"environment":"development","level":"info","message":"✅ Server closed","service":"dairy-backend","timestamp":"2026-05-16 20:54:17"}
