{"environment":"development","level":"info","message":"✅ PostgreSQL connected","service":"dairy-backend","timestamp":"2026-05-20 00:09:39"}
{"environment":"development","level":"info","message":"🚀 Server running in development mode on port 5000","service":"dairy-backend","timestamp":"2026-05-20 00:09:39"}
{"environment":"development","level":"info","message":"✅ PostgreSQL connected","service":"dairy-backend","timestamp":"2026-05-20 00:10:08"}
{"environment":"development","level":"info","message":"🚀 Server running in development mode on port 5000","service":"dairy-backend","timestamp":"2026-05-20 00:10:08"}
{"code":"INTERNAL_SERVER_ERROR","environment":"development","ip":"127.0.0.1","level":"error","message":"Customer not found","method":"POST","service":"dairy-backend","stack":"Error: Customer not found\n    at Module.addMilkEntry (/Users/adityasupekar/Desktop/dairy/src/modules/milkEntry/milkEntry.service.ts:40:19)\n    at async <anonymous> (/Users/adityasupekar/Desktop/dairy/src/modules/milkEntry/milkEntry.controller.ts:21:17)","statusCode":404,"timestamp":"2026-05-20 00:15:03","url":"/api/v1/milk/milk-entry","userAgent":"PostmanRuntime/7.54.0"}
{"code":"ADMIN_EXISTS","environment":"development","ip":"192.168.1.6","level":"error","message":"Admin already exists","method":"POST","service":"dairy-backend","stack":"Error: Admin already exists\n    at Module.verifyPhone (/Users/adityasupekar/Desktop/dairy/src/modules/auth/auth.service.ts:70:19)\n    at async <anonymous> (/Users/adityasupekar/Desktop/dairy/src/modules/auth/auth.controller.ts:21:17)","statusCode":400,"timestamp":"2026-05-20 00:23:51","url":"/api/v1/auth/verify-phone","userAgent":"okhttp/4.12.0"}
{"code":"INTERNAL_SERVER_ERROR","environment":"development","ip":"192.168.1.6","level":"error","message":"Customer already exists","method":"POST","service":"dairy-backend","stack":"Error: Customer already exists\n    at Module.addCustomer (/Users/adityasupekar/Desktop/dairy/src/modules/customer/customer.service.ts:41:19)\n    at async <anonymous> (/Users/adityasupekar/Desktop/dairy/src/modules/customer/customer.controller.ts:21:17)","statusCode":400,"timestamp":"2026-05-20 00:37:34","url":"/api/v1/customer/create-new","userAgent":"okhttp/4.12.0"}
{"code":"INTERNAL_SERVER_ERROR","environment":"development","ip":"192.168.1.6","level":"error","message":"Customer already exists","method":"POST","service":"dairy-backend","stack":"Error: Customer already exists\n    at Module.addCustomer (/Users/adityasupekar/Desktop/dairy/src/modules/customer/customer.service.ts:41:19)\n    at async <anonymous> (/Users/adityasupekar/Desktop/dairy/src/modules/customer/customer.controller.ts:21:17)","statusCode":400,"timestamp":"2026-05-20 00:39:00","url":"/api/v1/customer/create-new","userAgent":"okhttp/4.12.0"}
{"environment":"development","level":"info","message":"✅ PostgreSQL connected","service":"dairy-backend","timestamp":"2026-05-20 01:24:02"}
{"environment":"development","level":"info","message":"🚀 Server running in development mode on port 5000","service":"dairy-backend","timestamp":"2026-05-20 01:24:02"}
{"environment":"development","level":"info","message":"✅ PostgreSQL connected","service":"dairy-backend","timestamp":"2026-05-20 01:24:07"}
{"environment":"development","level":"info","message":"🚀 Server running in development mode on port 5000","service":"dairy-backend","timestamp":"2026-05-20 01:24:07"}
{"environment":"development","level":"info","message":"✅ PostgreSQL connected","service":"dairy-backend","timestamp":"2026-05-20 01:24:10"}
{"environment":"development","level":"info","message":"🚀 Server running in development mode on port 5000","service":"dairy-backend","timestamp":"2026-05-20 01:24:10"}
{"environment":"development","level":"info","message":"✅ PostgreSQL connected","service":"dairy-backend","timestamp":"2026-05-20 01:24:15"}
{"environment":"development","level":"info","message":"🚀 Server running in development mode on port 5000","service":"dairy-backend","timestamp":"2026-05-20 01:24:15"}
{"environment":"development","level":"info","message":"✅ PostgreSQL connected","service":"dairy-backend","timestamp":"2026-05-20 01:27:40"}
{"environment":"development","level":"info","message":"🚀 Server running in development mode on port 5000","service":"dairy-backend","timestamp":"2026-05-20 01:27:40"}
{"environment":"development","level":"info","message":"✅ PostgreSQL connected","service":"dairy-backend","timestamp":"2026-05-20 01:27:44"}
{"environment":"development","level":"info","message":"🚀 Server running in development mode on port 5000","service":"dairy-backend","timestamp":"2026-05-20 01:27:44"}
{"environment":"development","level":"info","message":"✅ PostgreSQL connected","service":"dairy-backend","timestamp":"2026-05-20 01:28:05"}
{"environment":"development","level":"info","message":"🚀 Server running in development mode on port 5000","service":"dairy-backend","timestamp":"2026-05-20 01:28:05"}
{"environment":"development","level":"info","message":"✅ PostgreSQL connected","service":"dairy-backend","timestamp":"2026-05-20 01:28:09"}
{"environment":"development","level":"info","message":"🚀 Server running in development mode on port 5000","service":"dairy-backend","timestamp":"2026-05-20 01:28:09"}
{"environment":"development","level":"info","message":"✅ PostgreSQL connected","service":"dairy-backend","timestamp":"2026-05-20 01:28:14"}
{"environment":"development","level":"info","message":"🚀 Server running in development mode on port 5000","service":"dairy-backend","timestamp":"2026-05-20 01:28:14"}
{"environment":"development","level":"info","message":"✅ PostgreSQL connected","service":"dairy-backend","timestamp":"2026-05-20 01:28:26"}
{"environment":"development","level":"info","message":"🚀 Server running in development mode on port 5000","service":"dairy-backend","timestamp":"2026-05-20 01:28:26"}
{"environment":"development","level":"info","message":"✅ PostgreSQL connected","service":"dairy-backend","timestamp":"2026-05-20 01:28:33"}
{"environment":"development","level":"info","message":"🚀 Server running in development mode on port 5000","service":"dairy-backend","timestamp":"2026-05-20 01:28:33"}
{"environment":"development","level":"warn","message":"🛑 SIGINT received","service":"dairy-backend","timestamp":"2026-05-20 01:47:32"}
{"environment":"development","level":"info","message":"✅ Server closed","service":"dairy-backend","timestamp":"2026-05-20 01:47:32"}
{"environment":"development","level":"info","message":"✅ PostgreSQL connected","service":"dairy-backend","timestamp":"2026-05-20 14:56:06"}
{"environment":"development","level":"info","message":"✅ Redis connected","service":"dairy-backend","timestamp":"2026-05-20 14:56:06"}
{"environment":"development","level":"info","message":"🚀 Server running in development mode on port 5000","service":"dairy-backend","timestamp":"2026-05-20 14:56:06"}
{"environment":"development","level":"info","message":"✅ PostgreSQL connected","service":"dairy-backend","timestamp":"2026-05-20 22:26:46"}
{"environment":"development","level":"info","message":"✅ Redis connected","service":"dairy-backend","timestamp":"2026-05-20 22:26:46"}
{"environment":"development","level":"info","message":"🚀 Server running in development mode on port 5000","service":"dairy-backend","timestamp":"2026-05-20 22:26:46"}
{"environment":"development","level":"warn","message":"🛑 SIGINT received","service":"dairy-backend","timestamp":"2026-05-20 23:25:20"}
{"environment":"development","level":"info","message":"Redis disconnected","service":"dairy-backend","timestamp":"2026-05-20 23:25:20"}
