{"environment":"development","level":"info","message":"✅ PostgreSQL connected","service":"dairy-backend","timestamp":"2026-05-19 02:26:36"}
{"environment":"development","level":"info","message":"🚀 Server running in development mode on port 5000","service":"dairy-backend","timestamp":"2026-05-19 02:26:36"}
{"environment":"development","level":"warn","message":"🛑 SIGINT received","service":"dairy-backend","timestamp":"2026-05-19 02:26:57"}
{"environment":"development","level":"info","message":"✅ Server closed","service":"dairy-backend","timestamp":"2026-05-19 02:26:57"}
{"environment":"development","level":"info","message":"✅ PostgreSQL connected","service":"dairy-backend","timestamp":"2026-05-19 03:08:19"}
{"environment":"development","level":"info","message":"🚀 Server running in development mode on port 5000","service":"dairy-backend","timestamp":"2026-05-19 03:08:19"}
{"environment":"development","level":"info","message":"✅ PostgreSQL connected","service":"dairy-backend","timestamp":"2026-05-19 03:10:06"}
{"environment":"development","level":"info","message":"🚀 Server running in development mode on port 5000","service":"dairy-backend","timestamp":"2026-05-19 03:10:06"}
{"environment":"development","level":"info","message":"✅ PostgreSQL connected","service":"dairy-backend","timestamp":"2026-05-19 03:11:16"}
{"environment":"development","level":"info","message":"🚀 Server running in development mode on port 5000","service":"dairy-backend","timestamp":"2026-05-19 03:11:16"}
{"environment":"development","level":"info","message":"✅ PostgreSQL connected","service":"dairy-backend","timestamp":"2026-05-19 03:11:16"}
{"environment":"development","level":"info","message":"🚀 Server running in development mode on port 5000","service":"dairy-backend","timestamp":"2026-05-19 03:11:16"}
{"code":"VALIDATION_ERROR","environment":"development","ip":"192.168.1.10","level":"error","message":"Validation failed","method":"POST","service":"dairy-backend","stack":"Error: Validation failed\n    at formatZodError (/Users/adityasupekar/Desktop/dairy/src/middleware/validate.middleware.ts:103:12)\n    at <anonymous> (/Users/adityasupekar/Desktop/dairy/src/middleware/validate.middleware.ts:33:27)\n    at process.processTicksAndRejections (node:internal/process/task_queues:104:5)","statusCode":400,"timestamp":"2026-05-19 03:16:02","url":"/api/v1/auth/verify-phone","userAgent":"okhttp/4.12.0"}
{"code":"ADMIN_EXISTS","environment":"development","ip":"192.168.1.10","level":"error","message":"Admin already exists","method":"POST","service":"dairy-backend","stack":"Error: Admin already exists\n    at Module.verifyPhone (/Users/adityasupekar/Desktop/dairy/src/modules/auth/auth.service.ts:70:19)\n    at async <anonymous> (/Users/adityasupekar/Desktop/dairy/src/modules/auth/auth.controller.ts:21:17)","statusCode":400,"timestamp":"2026-05-19 03:18:48","url":"/api/v1/auth/verify-phone","userAgent":"okhttp/4.12.0"}
{"code":"ADMIN_EXISTS","environment":"development","ip":"192.168.1.10","level":"error","message":"Admin already exists","method":"POST","service":"dairy-backend","stack":"Error: Admin already exists\n    at Module.verifyPhone (/Users/adityasupekar/Desktop/dairy/src/modules/auth/auth.service.ts:70:19)\n    at async <anonymous> (/Users/adityasupekar/Desktop/dairy/src/modules/auth/auth.controller.ts:21:17)","statusCode":400,"timestamp":"2026-05-19 03:20:28","url":"/api/v1/auth/verify-phone","userAgent":"okhttp/4.12.0"}
{"environment":"development","level":"info","message":"✅ PostgreSQL connected","service":"dairy-backend","timestamp":"2026-05-19 03:21:13"}
{"environment":"development","level":"info","message":"🚀 Server running in development mode on port 5000","service":"dairy-backend","timestamp":"2026-05-19 03:21:13"}
{"environment":"development","level":"info","message":"✅ PostgreSQL connected","service":"dairy-backend","timestamp":"2026-05-19 03:21:13"}
{"environment":"development","level":"info","message":"🚀 Server running in development mode on port 5000","service":"dairy-backend","timestamp":"2026-05-19 03:21:13"}
{"environment":"development","level":"info","message":"✅ PostgreSQL connected","service":"dairy-backend","timestamp":"2026-05-19 03:21:21"}
{"environment":"development","level":"info","message":"🚀 Server running in development mode on port 5000","service":"dairy-backend","timestamp":"2026-05-19 03:21:21"}
{"environment":"development","level":"info","message":"✅ PostgreSQL connected","service":"dairy-backend","timestamp":"2026-05-19 03:21:21"}
{"environment":"development","level":"info","message":"🚀 Server running in development mode on port 5000","service":"dairy-backend","timestamp":"2026-05-19 03:21:21"}
{"environment":"development","level":"info","message":"✅ PostgreSQL connected","service":"dairy-backend","timestamp":"2026-05-19 03:31:49"}
{"environment":"development","level":"info","message":"🚀 Server running in development mode on port 5000","service":"dairy-backend","timestamp":"2026-05-19 03:31:49"}
{"environment":"development","level":"info","message":"✅ PostgreSQL connected","service":"dairy-backend","timestamp":"2026-05-19 03:31:49"}
{"environment":"development","level":"info","message":"🚀 Server running in development mode on port 5000","service":"dairy-backend","timestamp":"2026-05-19 03:31:49"}
{"environment":"development","level":"info","message":"✅ PostgreSQL connected","service":"dairy-backend","timestamp":"2026-05-19 03:52:05"}
{"environment":"development","level":"info","message":"✅ PostgreSQL connected","service":"dairy-backend","timestamp":"2026-05-19 03:52:05"}
{"environment":"development","level":"info","message":"🚀 Server running in development mode on port 5000","service":"dairy-backend","timestamp":"2026-05-19 03:52:05"}
{"environment":"development","level":"info","message":"🚀 Server running in development mode on port 5000","service":"dairy-backend","timestamp":"2026-05-19 03:52:05"}
{"environment":"development","level":"info","message":"✅ PostgreSQL connected","service":"dairy-backend","timestamp":"2026-05-19 03:52:15"}
{"environment":"development","level":"info","message":"🚀 Server running in development mode on port 5000","service":"dairy-backend","timestamp":"2026-05-19 03:52:15"}
{"environment":"development","level":"info","message":"✅ PostgreSQL connected","service":"dairy-backend","timestamp":"2026-05-19 03:52:15"}
{"environment":"development","level":"info","message":"🚀 Server running in development mode on port 5000","service":"dairy-backend","timestamp":"2026-05-19 03:52:15"}
{"environment":"development","level":"info","message":"✅ PostgreSQL connected","service":"dairy-backend","timestamp":"2026-05-19 03:52:29"}
{"environment":"development","level":"info","message":"✅ PostgreSQL connected","service":"dairy-backend","timestamp":"2026-05-19 03:52:29"}
{"environment":"development","level":"info","message":"🚀 Server running in development mode on port 5000","service":"dairy-backend","timestamp":"2026-05-19 03:52:29"}
{"environment":"development","level":"info","message":"🚀 Server running in development mode on port 5000","service":"dairy-backend","timestamp":"2026-05-19 03:52:29"}
{"environment":"development","level":"info","message":"✅ PostgreSQL connected","service":"dairy-backend","timestamp":"2026-05-19 03:52:40"}
{"environment":"development","level":"info","message":"🚀 Server running in development mode on port 5000","service":"dairy-backend","timestamp":"2026-05-19 03:52:40"}
{"environment":"development","level":"info","message":"✅ PostgreSQL connected","service":"dairy-backend","timestamp":"2026-05-19 03:52:40"}
{"environment":"development","level":"info","message":"🚀 Server running in development mode on port 5000","service":"dairy-backend","timestamp":"2026-05-19 03:52:40"}
{"environment":"development","level":"info","message":"✅ PostgreSQL connected","service":"dairy-backend","timestamp":"2026-05-19 05:03:30"}
{"environment":"development","level":"info","message":"🚀 Server running in development mode on port 5000","service":"dairy-backend","timestamp":"2026-05-19 05:03:30"}
{"environment":"development","level":"info","message":"✅ PostgreSQL connected","service":"dairy-backend","timestamp":"2026-05-19 05:03:30"}
{"environment":"development","level":"info","message":"🚀 Server running in development mode on port 5000","service":"dairy-backend","timestamp":"2026-05-19 05:03:30"}
{"environment":"development","level":"warn","message":"🛑 SIGTERM received","service":"dairy-backend","timestamp":"2026-05-19 05:14:31"}
{"environment":"development","level":"info","message":"✅ PostgreSQL connected","service":"dairy-backend","timestamp":"2026-05-19 14:56:59"}
{"environment":"development","level":"info","message":"🚀 Server running in development mode on port 5000","service":"dairy-backend","timestamp":"2026-05-19 14:56:59"}
{"code":"ADMIN_NOT_FOUND","environment":"development","ip":"192.168.1.10","level":"error","message":"Admin not found","method":"POST","service":"dairy-backend","stack":"Error: Admin not found\n    at Module.login (/Users/adityasupekar/Desktop/dairy/src/modules/auth/auth.service.ts:280:19)\n    at async <anonymous> (/Users/adityasupekar/Desktop/dairy/src/modules/auth/auth.controller.ts:71:17)","statusCode":404,"timestamp":"2026-05-19 14:57:01","url":"/api/v1/auth/login","userAgent":"okhttp/4.12.0"}
{"code":"INTERNAL_SERVER_ERROR","environment":"development","ip":"192.168.1.10","level":"error","message":"\nInvalid `prisma.admin.findUnique()` invocation in\n/Users/adityasupekar/Desktop/dairy/src/modules/auth/auth.service.ts:273:32\n\n  270  */\n  271 \n  272 const adminUser =\n→ 273     await prisma.admin.findUnique(\nTimed out fetching a new connection from the connection pool. More info: http://pris.ly/d/connection-pool (Current connection pool timeout: 10, connection limit: 17)","method":"POST","service":"dairy-backend","stack":"Error: \nInvalid `prisma.admin.findUnique()` invocation in\n/Users/adityasupekar/Desktop/dairy/src/modules/auth/auth.service.ts:273:32\n\n  270  */\n  271 \n  272 const adminUser =\n→ 273     await prisma.admin.findUnique(\nTimed out fetching a new connection from the connection pool. More info: http://pris.ly/d/connection-pool (Current connection pool timeout: 10, connection limit: 17)\n    at globalErrorHandler (/Users/adityasupekar/Desktop/dairy/src/middleware/error.middleware.ts:22:17)\n    at Layer.handleError (/Users/adityasupekar/Desktop/dairy/node_modules/router/lib/layer.js:116:17)\n    at trimPrefix (/Users/adityasupekar/Desktop/dairy/node_modules/router/index.js:340:13)\n    at /Users/adityasupekar/Desktop/dairy/node_modules/router/index.js:297:9\n    at processParams (/Users/adityasupekar/Desktop/dairy/node_modules/router/index.js:582:12)\n    at next (/Users/adityasupekar/Desktop/dairy/node_modules/router/index.js:291:5)\n    at /Users/adityasupekar/Desktop/dairy/node_modules/router/index.js:688:15\n    at Immediate.next (/Users/adityasupekar/Desktop/dairy/node_modules/router/index.js:276:14)\n    at Immediate._onImmediate (/Users/adityasupekar/Desktop/dairy/node_modules/router/index.js:688:15)\n    at process.processImmediate (node:internal/timers:506:21)","statusCode":500,"timestamp":"2026-05-19 15:09:26","url":"/api/v1/auth/login","userAgent":"okhttp/4.12.0"}
{"environment":"development","level":"info","message":"✅ PostgreSQL connected","service":"dairy-backend","timestamp":"2026-05-19 15:09:41"}
{"environment":"development","level":"info","message":"🚀 Server running in development mode on port 5000","service":"dairy-backend","timestamp":"2026-05-19 15:09:41"}
{"code":"INTERNAL_SERVER_ERROR","environment":"development","ip":"192.168.1.10","level":"error","message":"Customer already exists","method":"POST","service":"dairy-backend","stack":"Error: Customer already exists\n    at Module.addCustomer (/Users/adityasupekar/Desktop/dairy/src/modules/customer/customer.service.ts:41:19)\n    at async <anonymous> (/Users/adityasupekar/Desktop/dairy/src/modules/customer/customer.controller.ts:21:17)","statusCode":400,"timestamp":"2026-05-19 18:51:02","url":"/api/v1/customer/create-new","userAgent":"okhttp/4.12.0"}
{"environment":"development","level":"info","message":"✅ PostgreSQL connected","service":"dairy-backend","timestamp":"2026-05-19 20:06:26"}
{"environment":"development","level":"info","message":"🚀 Server running in development mode on port 5000","service":"dairy-backend","timestamp":"2026-05-19 20:06:26"}
{"environment":"development","level":"info","message":"✅ PostgreSQL connected","service":"dairy-backend","timestamp":"2026-05-19 20:06:35"}
{"environment":"development","level":"info","message":"🚀 Server running in development mode on port 5000","service":"dairy-backend","timestamp":"2026-05-19 20:06:35"}
{"environment":"development","level":"info","message":"✅ PostgreSQL connected","service":"dairy-backend","timestamp":"2026-05-19 20:06:41"}
{"environment":"development","level":"info","message":"🚀 Server running in development mode on port 5000","service":"dairy-backend","timestamp":"2026-05-19 20:06:41"}
{"environment":"development","level":"info","message":"✅ PostgreSQL connected","service":"dairy-backend","timestamp":"2026-05-19 20:06:44"}
{"environment":"development","level":"info","message":"🚀 Server running in development mode on port 5000","service":"dairy-backend","timestamp":"2026-05-19 20:06:44"}
{"environment":"development","level":"info","message":"✅ PostgreSQL connected","service":"dairy-backend","timestamp":"2026-05-19 20:06:52"}
{"environment":"development","level":"info","message":"🚀 Server running in development mode on port 5000","service":"dairy-backend","timestamp":"2026-05-19 20:06:52"}
{"environment":"development","level":"info","message":"✅ PostgreSQL connected","service":"dairy-backend","timestamp":"2026-05-19 20:25:08"}
{"environment":"development","level":"info","message":"🚀 Server running in development mode on port 5000","service":"dairy-backend","timestamp":"2026-05-19 20:25:08"}
{"environment":"development","level":"info","message":"✅ PostgreSQL connected","service":"dairy-backend","timestamp":"2026-05-19 20:25:18"}
{"environment":"development","level":"info","message":"🚀 Server running in development mode on port 5000","service":"dairy-backend","timestamp":"2026-05-19 20:25:18"}
{"environment":"development","level":"info","message":"✅ PostgreSQL connected","service":"dairy-backend","timestamp":"2026-05-19 20:26:01"}
{"environment":"development","level":"info","message":"🚀 Server running in development mode on port 5000","service":"dairy-backend","timestamp":"2026-05-19 20:26:01"}
{"environment":"development","level":"info","message":"✅ PostgreSQL connected","service":"dairy-backend","timestamp":"2026-05-19 20:26:08"}
{"environment":"development","level":"info","message":"🚀 Server running in development mode on port 5000","service":"dairy-backend","timestamp":"2026-05-19 20:26:08"}
{"code":"INTERNAL_SERVER_ERROR","environment":"development","ip":"127.0.0.1","level":"error","message":"Milk entry not found","method":"GET","service":"dairy-backend","stack":"Error: Milk entry not found\n    at Module.getMilkEntryById (/Users/adityasupekar/Desktop/dairy/src/modules/milkEntry/milkEntry.service.ts:157:19)\n    at async <anonymous> (/Users/adityasupekar/Desktop/dairy/src/modules/milkEntry/milkEntry.controller.ts:89:17)","statusCode":404,"timestamp":"2026-05-19 20:27:30","url":"/api/v1/milk/today?shift=MORNING","userAgent":"PostmanRuntime/7.54.0"}
{"code":"INTERNAL_SERVER_ERROR","environment":"development","ip":"127.0.0.1","level":"error","message":"Milk entry not found","method":"GET","service":"dairy-backend","stack":"Error: Milk entry not found\n    at Module.getMilkEntryById (/Users/adityasupekar/Desktop/dairy/src/modules/milkEntry/milkEntry.service.ts:157:19)\n    at async <anonymous> (/Users/adityasupekar/Desktop/dairy/src/modules/milkEntry/milkEntry.controller.ts:89:17)","statusCode":404,"timestamp":"2026-05-19 20:27:45","url":"/api/v1/milk/today?shift=evening","userAgent":"PostmanRuntime/7.54.0"}
{"code":"INTERNAL_SERVER_ERROR","environment":"development","ip":"127.0.0.1","level":"error","message":"Milk entry not found","method":"GET","service":"dairy-backend","stack":"Error: Milk entry not found\n    at Module.getMilkEntryById (/Users/adityasupekar/Desktop/dairy/src/modules/milkEntry/milkEntry.service.ts:157:19)\n    at async <anonymous> (/Users/adityasupekar/Desktop/dairy/src/modules/milkEntry/milkEntry.controller.ts:89:17)","statusCode":404,"timestamp":"2026-05-19 20:28:16","url":"/api/v1/milk/today?shift=MORNING","userAgent":"PostmanRuntime/7.54.0"}
{"code":"INTERNAL_SERVER_ERROR","environment":"development","ip":"127.0.0.1","level":"error","message":"Milk entry not found","method":"GET","service":"dairy-backend","stack":"Error: Milk entry not found\n    at Module.getMilkEntryById (/Users/adityasupekar/Desktop/dairy/src/modules/milkEntry/milkEntry.service.ts:157:19)\n    at async <anonymous> (/Users/adityasupekar/Desktop/dairy/src/modules/milkEntry/milkEntry.controller.ts:89:17)","statusCode":404,"timestamp":"2026-05-19 20:28:24","url":"/api/v1/milk/today?shift=EVENING","userAgent":"PostmanRuntime/7.54.0"}
{"code":"INTERNAL_SERVER_ERROR","environment":"development","ip":"127.0.0.1","level":"error","message":"Milk entry not found","method":"GET","service":"dairy-backend","stack":"Error: Milk entry not found\n    at Module.getMilkEntryById (/Users/adityasupekar/Desktop/dairy/src/modules/milkEntry/milkEntry.service.ts:157:19)\n    at async <anonymous> (/Users/adityasupekar/Desktop/dairy/src/modules/milkEntry/milkEntry.controller.ts:89:17)","statusCode":404,"timestamp":"2026-05-19 20:28:42","url":"/api/v1/milk/today?shift=EVENING","userAgent":"PostmanRuntime/7.54.0"}
{"code":"INTERNAL_SERVER_ERROR","environment":"development","ip":"127.0.0.1","level":"error","message":"Milk entry not found","method":"GET","service":"dairy-backend","stack":"Error: Milk entry not found\n    at Module.getMilkEntryById (/Users/adityasupekar/Desktop/dairy/src/modules/milkEntry/milkEntry.service.ts:157:19)\n    at async <anonymous> (/Users/adityasupekar/Desktop/dairy/src/modules/milkEntry/milkEntry.controller.ts:89:17)","statusCode":404,"timestamp":"2026-05-19 20:31:21","url":"/api/v1/milk/today?shift=EVENING","userAgent":"PostmanRuntime/7.54.0"}
{"environment":"development","level":"info","message":"✅ PostgreSQL connected","service":"dairy-backend","timestamp":"2026-05-19 20:33:04"}
{"environment":"development","level":"info","message":"🚀 Server running in development mode on port 5000","service":"dairy-backend","timestamp":"2026-05-19 20:33:04"}
{"environment":"development","level":"info","message":"✅ PostgreSQL connected","service":"dairy-backend","timestamp":"2026-05-19 20:33:09"}
{"environment":"development","level":"info","message":"🚀 Server running in development mode on port 5000","service":"dairy-backend","timestamp":"2026-05-19 20:33:09"}
{"environment":"development","level":"info","message":"✅ PostgreSQL connected","service":"dairy-backend","timestamp":"2026-05-19 20:35:12"}
{"environment":"development","level":"info","message":"🚀 Server running in development mode on port 5000","service":"dairy-backend","timestamp":"2026-05-19 20:35:12"}
{"environment":"development","level":"info","message":"✅ PostgreSQL connected","service":"dairy-backend","timestamp":"2026-05-19 20:39:57"}
{"environment":"development","level":"info","message":"🚀 Server running in development mode on port 5000","service":"dairy-backend","timestamp":"2026-05-19 20:39:57"}
{"environment":"development","level":"info","message":"✅ PostgreSQL connected","service":"dairy-backend","timestamp":"2026-05-19 20:40:26"}
{"environment":"development","level":"info","message":"🚀 Server running in development mode on port 5000","service":"dairy-backend","timestamp":"2026-05-19 20:40:26"}
{"code":"INTERNAL_SERVER_ERROR","environment":"development","ip":"127.0.0.1","level":"error","message":"\nInvalid `prisma.admin.findUnique()` invocation in\n/Users/adityasupekar/Desktop/dairy/src/middleware/auth.middleware.ts:132:36\n\n  129  */\n  130 \n  131 const admin =\n→ 132     await prisma.admin.findUnique(\nServer has closed the connection.","method":"GET","service":"dairy-backend","stack":"Error: \nInvalid `prisma.admin.findUnique()` invocation in\n/Users/adityasupekar/Desktop/dairy/src/middleware/auth.middleware.ts:132:36\n\n  129  */\n  130 \n  131 const admin =\n→ 132     await prisma.admin.findUnique(\nServer has closed the connection.\n    at globalErrorHandler (/Users/adityasupekar/Desktop/dairy/src/middleware/error.middleware.ts:22:17)\n    at Layer.handleError (/Users/adityasupekar/Desktop/dairy/node_modules/router/lib/layer.js:116:17)\n    at trimPrefix (/Users/adityasupekar/Desktop/dairy/node_modules/router/index.js:340:13)\n    at /Users/adityasupekar/Desktop/dairy/node_modules/router/index.js:297:9\n    at processParams (/Users/adityasupekar/Desktop/dairy/node_modules/router/index.js:582:12)\n    at Immediate.next (/Users/adityasupekar/Desktop/dairy/node_modules/router/index.js:291:5)\n    at Immediate._onImmediate (/Users/adityasupekar/Desktop/dairy/node_modules/router/index.js:688:15)\n    at process.processImmediate (node:internal/timers:506:21)","statusCode":500,"timestamp":"2026-05-19 20:40:36","url":"/api/v1/milk/today?shift=MORNING","userAgent":"PostmanRuntime/7.54.0"}
{"environment":"development","level":"info","message":"✅ PostgreSQL connected","service":"dairy-backend","timestamp":"2026-05-19 20:42:27"}
{"environment":"development","level":"info","message":"🚀 Server running in development mode on port 5000","service":"dairy-backend","timestamp":"2026-05-19 20:42:27"}
{"environment":"development","level":"info","message":"✅ PostgreSQL connected","service":"dairy-backend","timestamp":"2026-05-19 20:45:47"}
{"environment":"development","level":"info","message":"🚀 Server running in development mode on port 5000","service":"dairy-backend","timestamp":"2026-05-19 20:45:47"}
{"environment":"development","level":"info","message":"✅ PostgreSQL connected","service":"dairy-backend","timestamp":"2026-05-19 20:46:05"}
{"environment":"development","level":"info","message":"🚀 Server running in development mode on port 5000","service":"dairy-backend","timestamp":"2026-05-19 20:46:05"}
{"environment":"development","level":"info","message":"✅ PostgreSQL connected","service":"dairy-backend","timestamp":"2026-05-19 20:47:34"}
{"environment":"development","level":"info","message":"🚀 Server running in development mode on port 5000","service":"dairy-backend","timestamp":"2026-05-19 20:47:34"}
{"code":"INTERNAL_SERVER_ERROR","environment":"development","ip":"192.168.1.10","level":"error","message":"\nInvalid `prisma.admin.findUnique()` invocation in\n/Users/adityasupekar/Desktop/dairy/src/middleware/auth.middleware.ts:132:36\n\n  129  */\n  130 \n  131 const admin =\n→ 132     await prisma.admin.findUnique(\nTimed out fetching a new connection from the connection pool. More info: http://pris.ly/d/connection-pool (Current connection pool timeout: 10, connection limit: 17)","method":"GET","service":"dairy-backend","stack":"Error: \nInvalid `prisma.admin.findUnique()` invocation in\n/Users/adityasupekar/Desktop/dairy/src/middleware/auth.middleware.ts:132:36\n\n  129  */\n  130 \n  131 const admin =\n→ 132     await prisma.admin.findUnique(\nTimed out fetching a new connection from the connection pool. More info: http://pris.ly/d/connection-pool (Current connection pool timeout: 10, connection limit: 17)\n    at globalErrorHandler (/Users/adityasupekar/Desktop/dairy/src/middleware/error.middleware.ts:22:17)\n    at Layer.handleError (/Users/adityasupekar/Desktop/dairy/node_modules/router/lib/layer.js:116:17)\n    at trimPrefix (/Users/adityasupekar/Desktop/dairy/node_modules/router/index.js:340:13)\n    at /Users/adityasupekar/Desktop/dairy/node_modules/router/index.js:297:9\n    at processParams (/Users/adityasupekar/Desktop/dairy/node_modules/router/index.js:582:12)\n    at Immediate.next (/Users/adityasupekar/Desktop/dairy/node_modules/router/index.js:291:5)\n    at Immediate._onImmediate (/Users/adityasupekar/Desktop/dairy/node_modules/router/index.js:688:15)\n    at process.processImmediate (node:internal/timers:506:21)","statusCode":500,"timestamp":"2026-05-19 22:18:49","url":"/api/v1/milk/today","userAgent":"okhttp/4.12.0"}
{"environment":"development","level":"info","message":"✅ PostgreSQL connected","service":"dairy-backend","timestamp":"2026-05-19 22:50:03"}
{"environment":"development","level":"info","message":"🚀 Server running in development mode on port 5000","service":"dairy-backend","timestamp":"2026-05-19 22:50:03"}
{"code":"NO_TOKEN","environment":"development","ip":"192.168.1.6","level":"error","message":"Unauthorized access","method":"GET","service":"dairy-backend","stack":"Error: Unauthorized access\n    at <anonymous> (/Users/adityasupekar/Desktop/dairy/src/middleware/auth.middleware.ts:77:23)\n    at <anonymous> (/Users/adityasupekar/Desktop/dairy/src/utils/asyncHandler.ts:16:21)\n    at Layer.handleRequest (/Users/adityasupekar/Desktop/dairy/node_modules/router/lib/layer.js:152:17)\n    at next (/Users/adityasupekar/Desktop/dairy/node_modules/router/lib/route.js:157:13)\n    at Route.dispatch (/Users/adityasupekar/Desktop/dairy/node_modules/router/lib/route.js:117:3)\n    at handle (/Users/adityasupekar/Desktop/dairy/node_modules/router/index.js:435:11)\n    at Layer.handleRequest (/Users/adityasupekar/Desktop/dairy/node_modules/router/lib/layer.js:152:17)\n    at /Users/adityasupekar/Desktop/dairy/node_modules/router/index.js:295:15\n    at processParams (/Users/adityasupekar/Desktop/dairy/node_modules/router/index.js:582:12)\n    at next (/Users/adityasupekar/Desktop/dairy/node_modules/router/index.js:291:5)","statusCode":401,"timestamp":"2026-05-19 23:06:21","url":"/api/v1/milk/today","userAgent":"curl/8.7.1"}
{"environment":"development","level":"info","message":"✅ PostgreSQL connected","service":"dairy-backend","timestamp":"2026-05-19 23:12:01"}
{"environment":"development","level":"info","message":"🚀 Server running in development mode on port 5000","service":"dairy-backend","timestamp":"2026-05-19 23:12:01"}
{"environment":"development","level":"info","message":"✅ PostgreSQL connected","service":"dairy-backend","timestamp":"2026-05-19 23:12:06"}
{"environment":"development","level":"info","message":"🚀 Server running in development mode on port 5000","service":"dairy-backend","timestamp":"2026-05-19 23:12:06"}
{"environment":"development","level":"info","message":"✅ PostgreSQL connected","service":"dairy-backend","timestamp":"2026-05-19 23:12:12"}
{"environment":"development","level":"info","message":"🚀 Server running in development mode on port 5000","service":"dairy-backend","timestamp":"2026-05-19 23:12:12"}
{"environment":"development","level":"info","message":"✅ PostgreSQL connected","service":"dairy-backend","timestamp":"2026-05-19 23:12:37"}
{"environment":"development","level":"info","message":"🚀 Server running in development mode on port 5000","service":"dairy-backend","timestamp":"2026-05-19 23:12:37"}
{"code":"INTERNAL_SERVER_ERROR","environment":"development","ip":"192.168.1.10","level":"error","message":"Customer not found","method":"POST","service":"dairy-backend","stack":"Error: Customer not found\n    at Module.addMilkEntry (/Users/adityasupekar/Desktop/dairy/src/modules/milkEntry/milkEntry.service.ts:40:19)\n    at async <anonymous> (/Users/adityasupekar/Desktop/dairy/src/modules/milkEntry/milkEntry.controller.ts:21:17)","statusCode":404,"timestamp":"2026-05-19 23:18:42","url":"/api/v1/milk/milk-entry","userAgent":"okhttp/4.12.0"}
{"environment":"development","level":"warn","message":"🛑 SIGINT received","service":"dairy-backend","timestamp":"2026-05-19 23:25:07"}
{"environment":"development","level":"info","message":"✅ Server closed","service":"dairy-backend","timestamp":"2026-05-19 23:25:07"}
