{"environment":"development","level":"info","message":"✅ PostgreSQL connected","service":"dairy-backend","timestamp":"2026-05-21 00:11:05"}
{"environment":"development","level":"info","message":"✅ Redis connected","service":"dairy-backend","timestamp":"2026-05-21 00:11:05"}
{"environment":"development","level":"info","message":"🚀 Server running in development mode on port 5000","service":"dairy-backend","timestamp":"2026-05-21 00:11:05"}
{"environment":"development","level":"info","message":"✅ PostgreSQL connected","service":"dairy-backend","timestamp":"2026-05-21 01:04:30"}
{"environment":"development","level":"info","message":"✅ Redis connected","service":"dairy-backend","timestamp":"2026-05-21 01:04:30"}
{"environment":"development","level":"info","message":"🚀 Server running in development mode on port 5000","service":"dairy-backend","timestamp":"2026-05-21 01:04:30"}
{"environment":"development","level":"info","message":"✅ PostgreSQL connected","service":"dairy-backend","timestamp":"2026-05-21 01:04:39"}
{"environment":"development","level":"info","message":"✅ Redis connected","service":"dairy-backend","timestamp":"2026-05-21 01:04:39"}
{"environment":"development","level":"info","message":"🚀 Server running in development mode on port 5000","service":"dairy-backend","timestamp":"2026-05-21 01:04:39"}
{"environment":"development","level":"info","message":"✅ PostgreSQL connected","service":"dairy-backend","timestamp":"2026-05-21 01:04:55"}
{"environment":"development","level":"info","message":"✅ Redis connected","service":"dairy-backend","timestamp":"2026-05-21 01:04:55"}
{"environment":"development","level":"info","message":"🚀 Server running in development mode on port 5000","service":"dairy-backend","timestamp":"2026-05-21 01:04:55"}
{"environment":"development","level":"info","message":"✅ PostgreSQL connected","service":"dairy-backend","timestamp":"2026-05-21 01:05:04"}
{"environment":"development","level":"info","message":"✅ Redis connected","service":"dairy-backend","timestamp":"2026-05-21 01:05:04"}
{"environment":"development","level":"info","message":"🚀 Server running in development mode on port 5000","service":"dairy-backend","timestamp":"2026-05-21 01:05:04"}
{"environment":"development","level":"info","message":"✅ PostgreSQL connected","service":"dairy-backend","timestamp":"2026-05-21 01:05:18"}
{"environment":"development","level":"info","message":"✅ Redis connected","service":"dairy-backend","timestamp":"2026-05-21 01:05:18"}
{"environment":"development","level":"info","message":"🚀 Server running in development mode on port 5000","service":"dairy-backend","timestamp":"2026-05-21 01:05:18"}
{"environment":"development","level":"info","message":"✅ PostgreSQL connected","service":"dairy-backend","timestamp":"2026-05-21 01:08:39"}
{"environment":"development","level":"info","message":"✅ Redis connected","service":"dairy-backend","timestamp":"2026-05-21 01:08:39"}
{"environment":"development","level":"info","message":"🚀 Server running in development mode on port 5000","service":"dairy-backend","timestamp":"2026-05-21 01:08:39"}
{"environment":"development","level":"info","message":"✅ PostgreSQL connected","service":"dairy-backend","timestamp":"2026-05-21 01:11:25"}
{"environment":"development","level":"info","message":"✅ Redis connected","service":"dairy-backend","timestamp":"2026-05-21 01:11:25"}
{"environment":"development","level":"info","message":"🚀 Server running in development mode on port 5000","service":"dairy-backend","timestamp":"2026-05-21 01:11:25"}
{"environment":"development","level":"info","message":"✅ PostgreSQL connected","service":"dairy-backend","timestamp":"2026-05-21 01:11:34"}
{"environment":"development","level":"info","message":"✅ Redis connected","service":"dairy-backend","timestamp":"2026-05-21 01:11:34"}
{"environment":"development","level":"info","message":"🚀 Server running in development mode on port 5000","service":"dairy-backend","timestamp":"2026-05-21 01:11:34"}
{"environment":"development","level":"info","message":"✅ PostgreSQL connected","service":"dairy-backend","timestamp":"2026-05-21 01:11:39"}
{"environment":"development","level":"info","message":"✅ Redis connected","service":"dairy-backend","timestamp":"2026-05-21 01:11:39"}
{"environment":"development","level":"info","message":"🚀 Server running in development mode on port 5000","service":"dairy-backend","timestamp":"2026-05-21 01:11:39"}
{"environment":"development","level":"info","message":"✅ PostgreSQL connected","service":"dairy-backend","timestamp":"2026-05-21 01:11:42"}
{"environment":"development","level":"info","message":"✅ Redis connected","service":"dairy-backend","timestamp":"2026-05-21 01:11:42"}
{"environment":"development","level":"info","message":"🚀 Server running in development mode on port 5000","service":"dairy-backend","timestamp":"2026-05-21 01:11:42"}
{"environment":"development","level":"info","message":"✅ PostgreSQL connected","service":"dairy-backend","timestamp":"2026-05-21 01:11:44"}
{"environment":"development","level":"info","message":"✅ Redis connected","service":"dairy-backend","timestamp":"2026-05-21 01:11:44"}
{"environment":"development","level":"info","message":"🚀 Server running in development mode on port 5000","service":"dairy-backend","timestamp":"2026-05-21 01:11:44"}
{"environment":"development","level":"info","message":"✅ PostgreSQL connected","service":"dairy-backend","timestamp":"2026-05-21 01:11:49"}
{"environment":"development","level":"info","message":"✅ Redis connected","service":"dairy-backend","timestamp":"2026-05-21 01:11:49"}
{"environment":"development","level":"info","message":"🚀 Server running in development mode on port 5000","service":"dairy-backend","timestamp":"2026-05-21 01:11:49"}
{"environment":"development","level":"info","message":"✅ PostgreSQL connected","service":"dairy-backend","timestamp":"2026-05-21 01:11:54"}
{"environment":"development","level":"info","message":"✅ Redis connected","service":"dairy-backend","timestamp":"2026-05-21 01:11:54"}
{"environment":"development","level":"info","message":"🚀 Server running in development mode on port 5000","service":"dairy-backend","timestamp":"2026-05-21 01:11:54"}
{"environment":"development","level":"info","message":"✅ PostgreSQL connected","service":"dairy-backend","timestamp":"2026-05-21 01:12:10"}
{"environment":"development","level":"info","message":"✅ Redis connected","service":"dairy-backend","timestamp":"2026-05-21 01:12:10"}
{"environment":"development","level":"info","message":"🚀 Server running in development mode on port 5000","service":"dairy-backend","timestamp":"2026-05-21 01:12:10"}
{"environment":"development","level":"info","message":"✅ PostgreSQL connected","service":"dairy-backend","timestamp":"2026-05-21 01:12:42"}
{"environment":"development","level":"info","message":"✅ Redis connected","service":"dairy-backend","timestamp":"2026-05-21 01:12:42"}
{"environment":"development","level":"info","message":"🚀 Server running in development mode on port 5000","service":"dairy-backend","timestamp":"2026-05-21 01:12:42"}
{"environment":"development","level":"info","message":"✅ PostgreSQL connected","service":"dairy-backend","timestamp":"2026-05-21 01:12:54"}
{"environment":"development","level":"info","message":"✅ Redis connected","service":"dairy-backend","timestamp":"2026-05-21 01:12:54"}
{"environment":"development","level":"info","message":"🚀 Server running in development mode on port 5000","service":"dairy-backend","timestamp":"2026-05-21 01:12:54"}
{"environment":"development","level":"info","message":"✅ PostgreSQL connected","service":"dairy-backend","timestamp":"2026-05-21 01:12:58"}
{"environment":"development","level":"info","message":"✅ Redis connected","service":"dairy-backend","timestamp":"2026-05-21 01:12:58"}
{"environment":"development","level":"info","message":"🚀 Server running in development mode on port 5000","service":"dairy-backend","timestamp":"2026-05-21 01:12:58"}
{"environment":"development","level":"info","message":"✅ PostgreSQL connected","service":"dairy-backend","timestamp":"2026-05-21 01:14:03"}
{"environment":"development","level":"info","message":"✅ Redis connected","service":"dairy-backend","timestamp":"2026-05-21 01:14:03"}
{"environment":"development","level":"info","message":"🚀 Server running in development mode on port 5000","service":"dairy-backend","timestamp":"2026-05-21 01:14:03"}
{"environment":"development","level":"info","message":"✅ PostgreSQL connected","service":"dairy-backend","timestamp":"2026-05-21 01:14:12"}
{"environment":"development","level":"info","message":"✅ Redis connected","service":"dairy-backend","timestamp":"2026-05-21 01:14:12"}
{"environment":"development","level":"info","message":"🚀 Server running in development mode on port 5000","service":"dairy-backend","timestamp":"2026-05-21 01:14:12"}
{"environment":"development","level":"info","message":"✅ PostgreSQL connected","service":"dairy-backend","timestamp":"2026-05-21 01:14:18"}
{"environment":"development","level":"info","message":"✅ Redis connected","service":"dairy-backend","timestamp":"2026-05-21 01:14:18"}
{"environment":"development","level":"info","message":"🚀 Server running in development mode on port 5000","service":"dairy-backend","timestamp":"2026-05-21 01:14:18"}
{"environment":"development","level":"info","message":"✅ PostgreSQL connected","service":"dairy-backend","timestamp":"2026-05-21 01:14:25"}
{"environment":"development","level":"info","message":"✅ Redis connected","service":"dairy-backend","timestamp":"2026-05-21 01:14:25"}
{"environment":"development","level":"info","message":"🚀 Server running in development mode on port 5000","service":"dairy-backend","timestamp":"2026-05-21 01:14:25"}
{"environment":"development","level":"info","message":"✅ PostgreSQL connected","service":"dairy-backend","timestamp":"2026-05-21 01:14:30"}
{"environment":"development","level":"info","message":"✅ Redis connected","service":"dairy-backend","timestamp":"2026-05-21 01:14:30"}
{"environment":"development","level":"info","message":"🚀 Server running in development mode on port 5000","service":"dairy-backend","timestamp":"2026-05-21 01:14:30"}
{"environment":"development","level":"info","message":"✅ PostgreSQL connected","service":"dairy-backend","timestamp":"2026-05-21 01:14:41"}
{"environment":"development","level":"info","message":"✅ Redis connected","service":"dairy-backend","timestamp":"2026-05-21 01:14:41"}
{"environment":"development","level":"info","message":"🚀 Server running in development mode on port 5000","service":"dairy-backend","timestamp":"2026-05-21 01:14:41"}
{"environment":"development","level":"info","message":"✅ PostgreSQL connected","service":"dairy-backend","timestamp":"2026-05-21 01:14:45"}
{"environment":"development","level":"info","message":"✅ Redis connected","service":"dairy-backend","timestamp":"2026-05-21 01:14:45"}
{"environment":"development","level":"info","message":"🚀 Server running in development mode on port 5000","service":"dairy-backend","timestamp":"2026-05-21 01:14:45"}
{"environment":"development","level":"info","message":"✅ PostgreSQL connected","service":"dairy-backend","timestamp":"2026-05-21 01:14:49"}
{"environment":"development","level":"info","message":"✅ Redis connected","service":"dairy-backend","timestamp":"2026-05-21 01:14:49"}
{"environment":"development","level":"info","message":"🚀 Server running in development mode on port 5000","service":"dairy-backend","timestamp":"2026-05-21 01:14:49"}
{"environment":"development","level":"info","message":"✅ PostgreSQL connected","service":"dairy-backend","timestamp":"2026-05-21 01:14:53"}
{"environment":"development","level":"info","message":"✅ Redis connected","service":"dairy-backend","timestamp":"2026-05-21 01:14:53"}
{"environment":"development","level":"info","message":"🚀 Server running in development mode on port 5000","service":"dairy-backend","timestamp":"2026-05-21 01:14:53"}
{"environment":"development","level":"info","message":"✅ PostgreSQL connected","service":"dairy-backend","timestamp":"2026-05-21 01:14:56"}
{"environment":"development","level":"info","message":"✅ Redis connected","service":"dairy-backend","timestamp":"2026-05-21 01:14:56"}
{"environment":"development","level":"info","message":"🚀 Server running in development mode on port 5000","service":"dairy-backend","timestamp":"2026-05-21 01:14:56"}
{"environment":"development","level":"info","message":"✅ PostgreSQL connected","service":"dairy-backend","timestamp":"2026-05-21 01:15:02"}
{"environment":"development","level":"info","message":"✅ Redis connected","service":"dairy-backend","timestamp":"2026-05-21 01:15:02"}
{"environment":"development","level":"info","message":"🚀 Server running in development mode on port 5000","service":"dairy-backend","timestamp":"2026-05-21 01:15:02"}
{"environment":"development","level":"info","message":"✅ PostgreSQL connected","service":"dairy-backend","timestamp":"2026-05-21 01:15:07"}
{"environment":"development","level":"info","message":"✅ Redis connected","service":"dairy-backend","timestamp":"2026-05-21 01:15:07"}
{"environment":"development","level":"info","message":"🚀 Server running in development mode on port 5000","service":"dairy-backend","timestamp":"2026-05-21 01:15:07"}
{"environment":"development","level":"info","message":"✅ PostgreSQL connected","service":"dairy-backend","timestamp":"2026-05-21 01:15:23"}
{"environment":"development","level":"info","message":"✅ Redis connected","service":"dairy-backend","timestamp":"2026-05-21 01:15:23"}
{"environment":"development","level":"info","message":"🚀 Server running in development mode on port 5000","service":"dairy-backend","timestamp":"2026-05-21 01:15:23"}
{"environment":"development","level":"info","message":"✅ PostgreSQL connected","service":"dairy-backend","timestamp":"2026-05-21 01:16:26"}
{"environment":"development","level":"info","message":"✅ Redis connected","service":"dairy-backend","timestamp":"2026-05-21 01:16:26"}
{"environment":"development","level":"info","message":"🚀 Server running in development mode on port 5000","service":"dairy-backend","timestamp":"2026-05-21 01:16:26"}
{"environment":"development","level":"info","message":"✅ PostgreSQL connected","service":"dairy-backend","timestamp":"2026-05-21 01:17:28"}
{"environment":"development","level":"info","message":"✅ Redis connected","service":"dairy-backend","timestamp":"2026-05-21 01:17:28"}
{"environment":"development","level":"info","message":"🚀 Server running in development mode on port 5000","service":"dairy-backend","timestamp":"2026-05-21 01:17:28"}
{"environment":"development","level":"info","message":"✅ PostgreSQL connected","service":"dairy-backend","timestamp":"2026-05-21 01:29:22"}
{"environment":"development","level":"info","message":"✅ Redis connected","service":"dairy-backend","timestamp":"2026-05-21 01:29:22"}
{"environment":"development","level":"info","message":"🚀 Server running in development mode on port 5000","service":"dairy-backend","timestamp":"2026-05-21 01:29:22"}
{"environment":"development","level":"info","message":"✅ PostgreSQL connected","service":"dairy-backend","timestamp":"2026-05-21 01:29:30"}
{"environment":"development","level":"info","message":"✅ Redis connected","service":"dairy-backend","timestamp":"2026-05-21 01:29:30"}
{"environment":"development","level":"info","message":"🚀 Server running in development mode on port 5000","service":"dairy-backend","timestamp":"2026-05-21 01:29:30"}
{"code":"VALIDATION_ERROR","environment":"development","ip":"127.0.0.1","level":"error","message":"Validation failed","method":"POST","service":"dairy-backend","stack":"Error: Validation failed\n    at formatZodError (/Users/adityasupekar/Desktop/dairy/src/middleware/validate.middleware.ts:103:12)\n    at <anonymous> (/Users/adityasupekar/Desktop/dairy/src/middleware/validate.middleware.ts:33:27)\n    at process.processTicksAndRejections (node:internal/process/task_queues:104:5)","statusCode":400,"timestamp":"2026-05-21 01:30:04","url":"/api/v1/rate-chart","userAgent":"PostmanRuntime/7.54.0"}
{"code":"INTERNAL_SERVER_ERROR","environment":"development","ip":"127.0.0.1","level":"error","message":"Cannot read properties of undefined (reading 'id')","method":"POST","service":"dairy-backend","stack":"Error: Cannot read properties of undefined (reading 'id')\n    at globalErrorHandler (/Users/adityasupekar/Desktop/dairy/src/middleware/error.middleware.ts:22:17)\n    at Layer.handleError (/Users/adityasupekar/Desktop/dairy/node_modules/router/lib/layer.js:116:17)\n    at trimPrefix (/Users/adityasupekar/Desktop/dairy/node_modules/router/index.js:340:13)\n    at /Users/adityasupekar/Desktop/dairy/node_modules/router/index.js:297:9\n    at processParams (/Users/adityasupekar/Desktop/dairy/node_modules/router/index.js:582:12)\n    at Immediate.next (/Users/adityasupekar/Desktop/dairy/node_modules/router/index.js:291:5)\n    at Immediate._onImmediate (/Users/adityasupekar/Desktop/dairy/node_modules/router/index.js:688:15)\n    at process.processImmediate (node:internal/timers:506:21)","statusCode":500,"timestamp":"2026-05-21 01:30:15","url":"/api/v1/rate-chart","userAgent":"PostmanRuntime/7.54.0"}
{"environment":"development","level":"info","message":"✅ PostgreSQL connected","service":"dairy-backend","timestamp":"2026-05-21 01:31:55"}
{"environment":"development","level":"info","message":"✅ Redis connected","service":"dairy-backend","timestamp":"2026-05-21 01:31:55"}
{"environment":"development","level":"info","message":"🚀 Server running in development mode on port 5000","service":"dairy-backend","timestamp":"2026-05-21 01:31:55"}
{"code":"INTERNAL_SERVER_ERROR","environment":"development","ip":"127.0.0.1","level":"error","message":"Cannot read properties of undefined (reading 'id')","method":"POST","service":"dairy-backend","stack":"Error: Cannot read properties of undefined (reading 'id')\n    at globalErrorHandler (/Users/adityasupekar/Desktop/dairy/src/middleware/error.middleware.ts:22:17)\n    at Layer.handleError (/Users/adityasupekar/Desktop/dairy/node_modules/router/lib/layer.js:116:17)\n    at trimPrefix (/Users/adityasupekar/Desktop/dairy/node_modules/router/index.js:340:13)\n    at /Users/adityasupekar/Desktop/dairy/node_modules/router/index.js:297:9\n    at processParams (/Users/adityasupekar/Desktop/dairy/node_modules/router/index.js:582:12)\n    at Immediate.next (/Users/adityasupekar/Desktop/dairy/node_modules/router/index.js:291:5)\n    at Immediate._onImmediate (/Users/adityasupekar/Desktop/dairy/node_modules/router/index.js:688:15)\n    at process.processImmediate (node:internal/timers:506:21)","statusCode":500,"timestamp":"2026-05-21 01:32:02","url":"/api/v1/rate-chart","userAgent":"PostmanRuntime/7.54.0"}
{"code":"INTERNAL_SERVER_ERROR","environment":"development","ip":"127.0.0.1","level":"error","message":"Cannot read properties of undefined (reading 'id')","method":"POST","service":"dairy-backend","stack":"Error: Cannot read properties of undefined (reading 'id')\n    at globalErrorHandler (/Users/adityasupekar/Desktop/dairy/src/middleware/error.middleware.ts:22:17)\n    at Layer.handleError (/Users/adityasupekar/Desktop/dairy/node_modules/router/lib/layer.js:116:17)\n    at trimPrefix (/Users/adityasupekar/Desktop/dairy/node_modules/router/index.js:340:13)\n    at /Users/adityasupekar/Desktop/dairy/node_modules/router/index.js:297:9\n    at processParams (/Users/adityasupekar/Desktop/dairy/node_modules/router/index.js:582:12)\n    at Immediate.next (/Users/adityasupekar/Desktop/dairy/node_modules/router/index.js:291:5)\n    at Immediate._onImmediate (/Users/adityasupekar/Desktop/dairy/node_modules/router/index.js:688:15)\n    at process.processImmediate (node:internal/timers:506:21)","statusCode":500,"timestamp":"2026-05-21 01:33:03","url":"/api/v1/rate-chart","userAgent":"PostmanRuntime/7.54.0"}
{"environment":"development","level":"info","message":"✅ PostgreSQL connected","service":"dairy-backend","timestamp":"2026-05-21 01:33:34"}
{"environment":"development","level":"info","message":"✅ Redis connected","service":"dairy-backend","timestamp":"2026-05-21 01:33:34"}
{"environment":"development","level":"info","message":"🚀 Server running in development mode on port 5000","service":"dairy-backend","timestamp":"2026-05-21 01:33:34"}
{"environment":"development","level":"info","message":"✅ PostgreSQL connected","service":"dairy-backend","timestamp":"2026-05-21 01:33:34"}
{"environment":"development","level":"info","message":"✅ Redis connected","service":"dairy-backend","timestamp":"2026-05-21 01:33:34"}
{"environment":"development","level":"info","message":"🚀 Server running in development mode on port 5000","service":"dairy-backend","timestamp":"2026-05-21 01:33:34"}
{"environment":"development","level":"info","message":"✅ PostgreSQL connected","service":"dairy-backend","timestamp":"2026-05-21 01:33:47"}
{"environment":"development","level":"info","message":"✅ PostgreSQL connected","service":"dairy-backend","timestamp":"2026-05-21 01:33:47"}
{"environment":"development","level":"info","message":"✅ Redis connected","service":"dairy-backend","timestamp":"2026-05-21 01:33:47"}
{"environment":"development","level":"info","message":"🚀 Server running in development mode on port 5000","service":"dairy-backend","timestamp":"2026-05-21 01:33:47"}
{"environment":"development","level":"info","message":"✅ Redis connected","service":"dairy-backend","timestamp":"2026-05-21 01:33:47"}
{"environment":"development","level":"info","message":"🚀 Server running in development mode on port 5000","service":"dairy-backend","timestamp":"2026-05-21 01:33:47"}
{"environment":"development","level":"info","message":"✅ PostgreSQL connected","service":"dairy-backend","timestamp":"2026-05-21 01:34:02"}
{"environment":"development","level":"info","message":"✅ PostgreSQL connected","service":"dairy-backend","timestamp":"2026-05-21 01:34:02"}
{"environment":"development","level":"info","message":"✅ Redis connected","service":"dairy-backend","timestamp":"2026-05-21 01:34:02"}
{"environment":"development","level":"info","message":"🚀 Server running in development mode on port 5000","service":"dairy-backend","timestamp":"2026-05-21 01:34:02"}
{"environment":"development","level":"info","message":"✅ Redis connected","service":"dairy-backend","timestamp":"2026-05-21 01:34:02"}
{"environment":"development","level":"info","message":"🚀 Server running in development mode on port 5000","service":"dairy-backend","timestamp":"2026-05-21 01:34:02"}
{"code":"INTERNAL_SERVER_ERROR","environment":"development","ip":"127.0.0.1","level":"error","message":"\nInvalid `prisma.rateChart.create()` invocation in\n/Users/adityasupekar/Desktop/dairy/src/modules/rateChart/chart.service.ts:11:30\n\n   8   payload: any\n   9 ) => {\n  10   const chart =\n→ 11     await prisma.rateChart.create(\nThe table `public.RateChart` does not exist in the current database.","method":"POST","service":"dairy-backend","stack":"Error: \nInvalid `prisma.rateChart.create()` invocation in\n/Users/adityasupekar/Desktop/dairy/src/modules/rateChart/chart.service.ts:11:30\n\n   8   payload: any\n   9 ) => {\n  10   const chart =\n→ 11     await prisma.rateChart.create(\nThe table `public.RateChart` does not exist in the current database.\n    at globalErrorHandler (/Users/adityasupekar/Desktop/dairy/src/middleware/error.middleware.ts:22:17)\n    at Layer.handleError (/Users/adityasupekar/Desktop/dairy/node_modules/router/lib/layer.js:116:17)\n    at trimPrefix (/Users/adityasupekar/Desktop/dairy/node_modules/router/index.js:340:13)\n    at /Users/adityasupekar/Desktop/dairy/node_modules/router/index.js:297:9\n    at processParams (/Users/adityasupekar/Desktop/dairy/node_modules/router/index.js:582:12)\n    at Immediate.next (/Users/adityasupekar/Desktop/dairy/node_modules/router/index.js:291:5)\n    at Immediate._onImmediate (/Users/adityasupekar/Desktop/dairy/node_modules/router/index.js:688:15)\n    at process.processImmediate (node:internal/timers:506:21)","statusCode":500,"timestamp":"2026-05-21 01:34:07","url":"/api/v1/rate-chart","userAgent":"PostmanRuntime/7.54.0"}
{"code":"ADMIN_NOT_FOUND","environment":"development","ip":"127.0.0.1","level":"error","message":"Admin not found","method":"POST","service":"dairy-backend","stack":"Error: Admin not found\n    at <anonymous> (/Users/adityasupekar/Desktop/dairy/src/middleware/auth.middleware.ts:193:23)","statusCode":401,"timestamp":"2026-05-21 01:37:04","url":"/api/v1/rate-chart","userAgent":"PostmanRuntime/7.54.0"}
{"environment":"development","level":"warn","message":"🛑 SIGINT received","service":"dairy-backend","timestamp":"2026-05-21 01:44:28"}
{"environment":"development","level":"info","message":"Redis disconnected","service":"dairy-backend","timestamp":"2026-05-21 01:44:28"}
{"environment":"development","level":"info","message":"✅ PostgreSQL connected","service":"dairy-backend","timestamp":"2026-05-21 01:44:44"}
{"environment":"development","level":"info","message":"✅ Redis connected","service":"dairy-backend","timestamp":"2026-05-21 01:44:44"}
{"environment":"development","level":"info","message":"🚀 Server running in development mode on port 5000","service":"dairy-backend","timestamp":"2026-05-21 01:44:44"}
{"environment":"development","level":"warn","message":"🛑 SIGINT received","service":"dairy-backend","timestamp":"2026-05-21 01:49:23"}
{"environment":"development","level":"info","message":"Redis disconnected","service":"dairy-backend","timestamp":"2026-05-21 01:49:23"}
{"environment":"development","level":"info","message":"✅ PostgreSQL connected","service":"dairy-backend","timestamp":"2026-05-21 01:49:56"}
{"environment":"development","level":"info","message":"✅ Redis connected","service":"dairy-backend","timestamp":"2026-05-21 01:49:56"}
{"environment":"development","level":"info","message":"🚀 Server running in development mode on port 5000","service":"dairy-backend","timestamp":"2026-05-21 01:49:56"}
{"code":"INTERNAL_SERVER_ERROR","environment":"development","ip":"192.168.1.6","level":"error","message":"Customer not found","method":"POST","service":"dairy-backend","stack":"Error: Customer not found\n    at Module.addMilkEntry (/Users/adityasupekar/Desktop/dairy/src/modules/milkEntry/milkEntry.service.ts:40:19)\n    at async <anonymous> (/Users/adityasupekar/Desktop/dairy/src/modules/milkEntry/milkEntry.controller.ts:21:17)","statusCode":404,"timestamp":"2026-05-21 01:52:19","url":"/api/v1/milk/milk-entry","userAgent":"okhttp/4.12.0"}
{"environment":"development","level":"info","message":"✅ PostgreSQL connected","service":"dairy-backend","timestamp":"2026-05-21 02:16:29"}
{"environment":"development","level":"info","message":"✅ Redis connected","service":"dairy-backend","timestamp":"2026-05-21 02:16:29"}
{"environment":"development","level":"info","message":"🚀 Server running in development mode on port 5000","service":"dairy-backend","timestamp":"2026-05-21 02:16:29"}
{"environment":"development","level":"info","message":"✅ PostgreSQL connected","service":"dairy-backend","timestamp":"2026-05-21 02:16:29"}
{"environment":"development","level":"info","message":"✅ Redis connected","service":"dairy-backend","timestamp":"2026-05-21 02:16:29"}
{"environment":"development","level":"info","message":"🚀 Server running in development mode on port 5000","service":"dairy-backend","timestamp":"2026-05-21 02:16:29"}
{"environment":"development","level":"info","message":"✅ PostgreSQL connected","service":"dairy-backend","timestamp":"2026-05-21 02:17:48"}
{"environment":"development","level":"info","message":"✅ PostgreSQL connected","service":"dairy-backend","timestamp":"2026-05-21 02:17:48"}
{"environment":"development","level":"info","message":"✅ Redis connected","service":"dairy-backend","timestamp":"2026-05-21 02:17:48"}
{"environment":"development","level":"info","message":"✅ Redis connected","service":"dairy-backend","timestamp":"2026-05-21 02:17:48"}
{"environment":"development","level":"info","message":"🚀 Server running in development mode on port 5000","service":"dairy-backend","timestamp":"2026-05-21 02:17:48"}
{"environment":"development","level":"info","message":"🚀 Server running in development mode on port 5000","service":"dairy-backend","timestamp":"2026-05-21 02:17:48"}
{"environment":"development","level":"info","message":"✅ PostgreSQL connected","service":"dairy-backend","timestamp":"2026-05-21 02:25:45"}
{"environment":"development","level":"info","message":"✅ PostgreSQL connected","service":"dairy-backend","timestamp":"2026-05-21 02:25:45"}
{"environment":"development","level":"info","message":"✅ Redis connected","service":"dairy-backend","timestamp":"2026-05-21 02:25:46"}
{"environment":"development","level":"info","message":"✅ Redis connected","service":"dairy-backend","timestamp":"2026-05-21 02:25:46"}
{"environment":"development","level":"info","message":"🚀 Server running in development mode on port 5000","service":"dairy-backend","timestamp":"2026-05-21 02:25:46"}
{"environment":"development","level":"info","message":"🚀 Server running in development mode on port 5000","service":"dairy-backend","timestamp":"2026-05-21 02:25:46"}
{"environment":"development","level":"info","message":"✅ PostgreSQL connected","service":"dairy-backend","timestamp":"2026-05-21 02:25:56"}
{"environment":"development","level":"info","message":"✅ Redis connected","service":"dairy-backend","timestamp":"2026-05-21 02:25:56"}
{"environment":"development","level":"info","message":"🚀 Server running in development mode on port 5000","service":"dairy-backend","timestamp":"2026-05-21 02:25:56"}
{"environment":"development","level":"info","message":"✅ PostgreSQL connected","service":"dairy-backend","timestamp":"2026-05-21 02:25:56"}
{"environment":"development","level":"info","message":"✅ Redis connected","service":"dairy-backend","timestamp":"2026-05-21 02:25:56"}
{"environment":"development","level":"info","message":"🚀 Server running in development mode on port 5000","service":"dairy-backend","timestamp":"2026-05-21 02:25:56"}
{"environment":"development","level":"info","message":"✅ PostgreSQL connected","service":"dairy-backend","timestamp":"2026-05-21 02:33:11"}
{"environment":"development","level":"info","message":"✅ Redis connected","service":"dairy-backend","timestamp":"2026-05-21 02:33:11"}
{"environment":"development","level":"info","message":"🚀 Server running in development mode on port 5000","service":"dairy-backend","timestamp":"2026-05-21 02:33:11"}
{"environment":"development","level":"info","message":"✅ PostgreSQL connected","service":"dairy-backend","timestamp":"2026-05-21 02:33:12"}
{"environment":"development","level":"info","message":"✅ Redis connected","service":"dairy-backend","timestamp":"2026-05-21 02:33:12"}
{"environment":"development","level":"info","message":"🚀 Server running in development mode on port 5000","service":"dairy-backend","timestamp":"2026-05-21 02:33:12"}
{"code":"INTERNAL_SERVER_ERROR","environment":"development","ip":"127.0.0.1","level":"error","message":"\nInvalid `prisma.rateChart.create()` invocation in\n/Users/adityasupekar/Desktop/dairy/src/modules/rateChart/chart.service.ts:241:30\n\n  238  */\n  239 \n  240 const chart =\n→ 241   await prisma.rateChart.create(\nForeign key constraint violated on the constraint: `RateChart_adminId_fkey`","method":"POST","service":"dairy-backend","stack":"Error: \nInvalid `prisma.rateChart.create()` invocation in\n/Users/adityasupekar/Desktop/dairy/src/modules/rateChart/chart.service.ts:241:30\n\n  238  */\n  239 \n  240 const chart =\n→ 241   await prisma.rateChart.create(\nForeign key constraint violated on the constraint: `RateChart_adminId_fkey`\n    at globalErrorHandler (/Users/adityasupekar/Desktop/dairy/src/middleware/error.middleware.ts:22:17)\n    at Layer.handleError (/Users/adityasupekar/Desktop/dairy/node_modules/router/lib/layer.js:116:17)\n    at trimPrefix (/Users/adityasupekar/Desktop/dairy/node_modules/router/index.js:340:13)\n    at /Users/adityasupekar/Desktop/dairy/node_modules/router/index.js:297:9\n    at processParams (/Users/adityasupekar/Desktop/dairy/node_modules/router/index.js:582:12)\n    at Immediate.next (/Users/adityasupekar/Desktop/dairy/node_modules/router/index.js:291:5)\n    at Immediate._onImmediate (/Users/adityasupekar/Desktop/dairy/node_modules/router/index.js:688:15)\n    at process.processImmediate (node:internal/timers:506:21)","statusCode":500,"timestamp":"2026-05-21 02:33:16","url":"/api/v1/rate-chart/import-excel","userAgent":"PostmanRuntime/7.54.0"}
{"code":"INTERNAL_SERVER_ERROR","environment":"development","ip":"127.0.0.1","level":"error","message":"Excel file required","method":"POST","service":"dairy-backend","stack":"Error: Excel file required\n    at <anonymous> (/Users/adityasupekar/Desktop/dairy/src/modules/rateChart/chart.controller.ts:68:13)\n    at <anonymous> (/Users/adityasupekar/Desktop/dairy/src/utils/asyncHandler.ts:16:21)\n    at Layer.handleRequest (/Users/adityasupekar/Desktop/dairy/node_modules/router/lib/layer.js:152:17)\n    at next (/Users/adityasupekar/Desktop/dairy/node_modules/router/lib/route.js:157:13)\n    at done (/Users/adityasupekar/Desktop/dairy/node_modules/multer/lib/make-middleware.js:69:7)\n    at indicateDone (/Users/adityasupekar/Desktop/dairy/node_modules/multer/lib/make-middleware.js:73:68)\n    at Multipart.<anonymous> (/Users/adityasupekar/Desktop/dairy/node_modules/multer/lib/make-middleware.js:243:7)\n    at Multipart.emit (node:events:509:20)\n    at emitCloseNT (node:internal/streams/destroy:148:10)\n    at process.processTicksAndRejections (node:internal/process/task_queues:89:21)","statusCode":400,"timestamp":"2026-05-21 02:34:39","url":"/api/v1/rate-chart/import-excel","userAgent":"PostmanRuntime/7.54.0"}
{"code":"INTERNAL_SERVER_ERROR","environment":"development","ip":"127.0.0.1","level":"error","message":"\nInvalid `prisma.rateChart.create()` invocation in\n/Users/adityasupekar/Desktop/dairy/src/modules/rateChart/chart.service.ts:241:30\n\n  238  */\n  239 \n  240 const chart =\n→ 241   await prisma.rateChart.create(\nForeign key constraint violated on the constraint: `RateChart_adminId_fkey`","method":"POST","service":"dairy-backend","stack":"Error: \nInvalid `prisma.rateChart.create()` invocation in\n/Users/adityasupekar/Desktop/dairy/src/modules/rateChart/chart.service.ts:241:30\n\n  238  */\n  239 \n  240 const chart =\n→ 241   await prisma.rateChart.create(\nForeign key constraint violated on the constraint: `RateChart_adminId_fkey`\n    at globalErrorHandler (/Users/adityasupekar/Desktop/dairy/src/middleware/error.middleware.ts:22:17)\n    at Layer.handleError (/Users/adityasupekar/Desktop/dairy/node_modules/router/lib/layer.js:116:17)\n    at trimPrefix (/Users/adityasupekar/Desktop/dairy/node_modules/router/index.js:340:13)\n    at /Users/adityasupekar/Desktop/dairy/node_modules/router/index.js:297:9\n    at processParams (/Users/adityasupekar/Desktop/dairy/node_modules/router/index.js:582:12)\n    at Immediate.next (/Users/adityasupekar/Desktop/dairy/node_modules/router/index.js:291:5)\n    at Immediate._onImmediate (/Users/adityasupekar/Desktop/dairy/node_modules/router/index.js:688:15)\n    at process.processImmediate (node:internal/timers:506:21)","statusCode":500,"timestamp":"2026-05-21 02:34:58","url":"/api/v1/rate-chart/import-excel","userAgent":"PostmanRuntime/7.54.0"}
{"environment":"development","level":"info","message":"✅ PostgreSQL connected","service":"dairy-backend","timestamp":"2026-05-21 02:35:52"}
{"environment":"development","level":"info","message":"✅ PostgreSQL connected","service":"dairy-backend","timestamp":"2026-05-21 02:35:52"}
{"environment":"development","level":"info","message":"✅ Redis connected","service":"dairy-backend","timestamp":"2026-05-21 02:35:52"}
{"environment":"development","level":"info","message":"🚀 Server running in development mode on port 5000","service":"dairy-backend","timestamp":"2026-05-21 02:35:52"}
{"environment":"development","level":"info","message":"✅ Redis connected","service":"dairy-backend","timestamp":"2026-05-21 02:35:52"}
{"environment":"development","level":"info","message":"🚀 Server running in development mode on port 5000","service":"dairy-backend","timestamp":"2026-05-21 02:35:52"}
{"code":"INTERNAL_SERVER_ERROR","environment":"development","ip":"127.0.0.1","level":"error","message":"Cannot read properties of undefined (reading 'id')","method":"POST","service":"dairy-backend","stack":"Error: Cannot read properties of undefined (reading 'id')\n    at globalErrorHandler (/Users/adityasupekar/Desktop/dairy/src/middleware/error.middleware.ts:22:17)\n    at Layer.handleError (/Users/adityasupekar/Desktop/dairy/node_modules/router/lib/layer.js:116:17)\n    at trimPrefix (/Users/adityasupekar/Desktop/dairy/node_modules/router/index.js:340:13)\n    at /Users/adityasupekar/Desktop/dairy/node_modules/router/index.js:297:9\n    at processParams (/Users/adityasupekar/Desktop/dairy/node_modules/router/index.js:582:12)\n    at Immediate.next (/Users/adityasupekar/Desktop/dairy/node_modules/router/index.js:291:5)\n    at Immediate._onImmediate (/Users/adityasupekar/Desktop/dairy/node_modules/router/index.js:688:15)\n    at process.processImmediate (node:internal/timers:506:21)","statusCode":500,"timestamp":"2026-05-21 02:35:54","url":"/api/v1/rate-chart/import-excel","userAgent":"PostmanRuntime/7.54.0"}
{"environment":"development","level":"info","message":"✅ PostgreSQL connected","service":"dairy-backend","timestamp":"2026-05-21 02:36:17"}
{"environment":"development","level":"info","message":"✅ PostgreSQL connected","service":"dairy-backend","timestamp":"2026-05-21 02:36:17"}
{"environment":"development","level":"info","message":"✅ Redis connected","service":"dairy-backend","timestamp":"2026-05-21 02:36:17"}
{"environment":"development","level":"info","message":"🚀 Server running in development mode on port 5000","service":"dairy-backend","timestamp":"2026-05-21 02:36:17"}
{"environment":"development","level":"info","message":"✅ Redis connected","service":"dairy-backend","timestamp":"2026-05-21 02:36:17"}
{"environment":"development","level":"info","message":"🚀 Server running in development mode on port 5000","service":"dairy-backend","timestamp":"2026-05-21 02:36:17"}
{"environment":"development","level":"info","message":"✅ PostgreSQL connected","service":"dairy-backend","timestamp":"2026-05-21 02:45:23"}
{"environment":"development","level":"info","message":"✅ Redis connected","service":"dairy-backend","timestamp":"2026-05-21 02:45:23"}
{"environment":"development","level":"info","message":"🚀 Server running in development mode on port 5000","service":"dairy-backend","timestamp":"2026-05-21 02:45:23"}
{"environment":"development","level":"info","message":"✅ PostgreSQL connected","service":"dairy-backend","timestamp":"2026-05-21 02:45:23"}
{"environment":"development","level":"info","message":"✅ Redis connected","service":"dairy-backend","timestamp":"2026-05-21 02:45:23"}
{"environment":"development","level":"info","message":"🚀 Server running in development mode on port 5000","service":"dairy-backend","timestamp":"2026-05-21 02:45:23"}
{"environment":"development","level":"info","message":"✅ PostgreSQL connected","service":"dairy-backend","timestamp":"2026-05-21 02:55:24"}
{"environment":"development","level":"info","message":"✅ PostgreSQL connected","service":"dairy-backend","timestamp":"2026-05-21 02:55:24"}
{"environment":"development","level":"info","message":"✅ Redis connected","service":"dairy-backend","timestamp":"2026-05-21 02:55:24"}
{"environment":"development","level":"info","message":"🚀 Server running in development mode on port 5000","service":"dairy-backend","timestamp":"2026-05-21 02:55:24"}
{"environment":"development","level":"info","message":"✅ Redis connected","service":"dairy-backend","timestamp":"2026-05-21 02:55:24"}
{"environment":"development","level":"info","message":"🚀 Server running in development mode on port 5000","service":"dairy-backend","timestamp":"2026-05-21 02:55:24"}
{"environment":"development","level":"info","message":"✅ PostgreSQL connected","service":"dairy-backend","timestamp":"2026-05-21 02:55:27"}
{"environment":"development","level":"info","message":"✅ PostgreSQL connected","service":"dairy-backend","timestamp":"2026-05-21 02:55:27"}
{"environment":"development","level":"info","message":"✅ Redis connected","service":"dairy-backend","timestamp":"2026-05-21 02:55:27"}
{"environment":"development","level":"info","message":"✅ Redis connected","service":"dairy-backend","timestamp":"2026-05-21 02:55:27"}
{"environment":"development","level":"info","message":"🚀 Server running in development mode on port 5000","service":"dairy-backend","timestamp":"2026-05-21 02:55:27"}
{"environment":"development","level":"info","message":"🚀 Server running in development mode on port 5000","service":"dairy-backend","timestamp":"2026-05-21 02:55:27"}
{"environment":"development","level":"info","message":"✅ PostgreSQL connected","service":"dairy-backend","timestamp":"2026-05-21 02:55:29"}
{"environment":"development","level":"info","message":"✅ Redis connected","service":"dairy-backend","timestamp":"2026-05-21 02:55:29"}
{"environment":"development","level":"info","message":"🚀 Server running in development mode on port 5000","service":"dairy-backend","timestamp":"2026-05-21 02:55:29"}
{"environment":"development","level":"info","message":"✅ PostgreSQL connected","service":"dairy-backend","timestamp":"2026-05-21 02:55:29"}
{"environment":"development","level":"info","message":"✅ Redis connected","service":"dairy-backend","timestamp":"2026-05-21 02:55:29"}
{"environment":"development","level":"info","message":"🚀 Server running in development mode on port 5000","service":"dairy-backend","timestamp":"2026-05-21 02:55:29"}
{"environment":"development","level":"info","message":"✅ PostgreSQL connected","service":"dairy-backend","timestamp":"2026-05-21 02:55:52"}
{"environment":"development","level":"info","message":"✅ PostgreSQL connected","service":"dairy-backend","timestamp":"2026-05-21 02:55:52"}
{"environment":"development","level":"info","message":"✅ Redis connected","service":"dairy-backend","timestamp":"2026-05-21 02:55:52"}
{"environment":"development","level":"info","message":"✅ Redis connected","service":"dairy-backend","timestamp":"2026-05-21 02:55:52"}
{"environment":"development","level":"info","message":"🚀 Server running in development mode on port 5000","service":"dairy-backend","timestamp":"2026-05-21 02:55:52"}
{"environment":"development","level":"info","message":"🚀 Server running in development mode on port 5000","service":"dairy-backend","timestamp":"2026-05-21 02:55:52"}
{"environment":"development","level":"info","message":"✅ PostgreSQL connected","service":"dairy-backend","timestamp":"2026-05-21 02:58:18"}
{"environment":"development","level":"info","message":"✅ PostgreSQL connected","service":"dairy-backend","timestamp":"2026-05-21 02:58:18"}
{"environment":"development","level":"info","message":"✅ Redis connected","service":"dairy-backend","timestamp":"2026-05-21 02:58:18"}
{"environment":"development","level":"info","message":"🚀 Server running in development mode on port 5000","service":"dairy-backend","timestamp":"2026-05-21 02:58:18"}
{"environment":"development","level":"info","message":"✅ Redis connected","service":"dairy-backend","timestamp":"2026-05-21 02:58:18"}
{"environment":"development","level":"info","message":"🚀 Server running in development mode on port 5000","service":"dairy-backend","timestamp":"2026-05-21 02:58:18"}
{"environment":"development","level":"info","message":"✅ PostgreSQL connected","service":"dairy-backend","timestamp":"2026-05-21 02:58:26"}
{"environment":"development","level":"info","message":"✅ Redis connected","service":"dairy-backend","timestamp":"2026-05-21 02:58:26"}
{"environment":"development","level":"info","message":"🚀 Server running in development mode on port 5000","service":"dairy-backend","timestamp":"2026-05-21 02:58:26"}
{"environment":"development","level":"info","message":"✅ PostgreSQL connected","service":"dairy-backend","timestamp":"2026-05-21 02:58:26"}
{"environment":"development","level":"info","message":"✅ Redis connected","service":"dairy-backend","timestamp":"2026-05-21 02:58:26"}
{"environment":"development","level":"info","message":"🚀 Server running in development mode on port 5000","service":"dairy-backend","timestamp":"2026-05-21 02:58:26"}
{"environment":"development","level":"info","message":"✅ PostgreSQL connected","service":"dairy-backend","timestamp":"2026-05-21 03:00:10"}
{"environment":"development","level":"info","message":"✅ Redis connected","service":"dairy-backend","timestamp":"2026-05-21 03:00:10"}
{"environment":"development","level":"info","message":"🚀 Server running in development mode on port 5000","service":"dairy-backend","timestamp":"2026-05-21 03:00:10"}
{"environment":"development","level":"info","message":"✅ PostgreSQL connected","service":"dairy-backend","timestamp":"2026-05-21 03:00:11"}
{"environment":"development","level":"info","message":"✅ Redis connected","service":"dairy-backend","timestamp":"2026-05-21 03:00:11"}
{"environment":"development","level":"info","message":"🚀 Server running in development mode on port 5000","service":"dairy-backend","timestamp":"2026-05-21 03:00:11"}
{"environment":"development","level":"info","message":"✅ PostgreSQL connected","service":"dairy-backend","timestamp":"2026-05-21 03:00:14"}
{"environment":"development","level":"info","message":"✅ PostgreSQL connected","service":"dairy-backend","timestamp":"2026-05-21 03:00:14"}
{"environment":"development","level":"info","message":"✅ Redis connected","service":"dairy-backend","timestamp":"2026-05-21 03:00:14"}
{"environment":"development","level":"info","message":"🚀 Server running in development mode on port 5000","service":"dairy-backend","timestamp":"2026-05-21 03:00:14"}
{"environment":"development","level":"info","message":"✅ Redis connected","service":"dairy-backend","timestamp":"2026-05-21 03:00:14"}
{"environment":"development","level":"info","message":"🚀 Server running in development mode on port 5000","service":"dairy-backend","timestamp":"2026-05-21 03:00:14"}
{"environment":"development","level":"info","message":"✅ PostgreSQL connected","service":"dairy-backend","timestamp":"2026-05-21 03:00:16"}
{"environment":"development","level":"info","message":"✅ Redis connected","service":"dairy-backend","timestamp":"2026-05-21 03:00:16"}
{"environment":"development","level":"info","message":"🚀 Server running in development mode on port 5000","service":"dairy-backend","timestamp":"2026-05-21 03:00:16"}
{"environment":"development","level":"info","message":"✅ PostgreSQL connected","service":"dairy-backend","timestamp":"2026-05-21 03:00:16"}
{"environment":"development","level":"info","message":"✅ Redis connected","service":"dairy-backend","timestamp":"2026-05-21 03:00:16"}
{"environment":"development","level":"info","message":"🚀 Server running in development mode on port 5000","service":"dairy-backend","timestamp":"2026-05-21 03:00:16"}
{"environment":"development","level":"info","message":"✅ PostgreSQL connected","service":"dairy-backend","timestamp":"2026-05-21 03:00:19"}
{"environment":"development","level":"info","message":"✅ PostgreSQL connected","service":"dairy-backend","timestamp":"2026-05-21 03:00:22"}
{"environment":"development","level":"info","message":"✅ PostgreSQL connected","service":"dairy-backend","timestamp":"2026-05-21 03:00:22"}
{"environment":"development","level":"info","message":"✅ Redis connected","service":"dairy-backend","timestamp":"2026-05-21 03:00:22"}
{"environment":"development","level":"info","message":"🚀 Server running in development mode on port 5000","service":"dairy-backend","timestamp":"2026-05-21 03:00:22"}
{"environment":"development","level":"info","message":"✅ Redis connected","service":"dairy-backend","timestamp":"2026-05-21 03:00:22"}
{"environment":"development","level":"info","message":"🚀 Server running in development mode on port 5000","service":"dairy-backend","timestamp":"2026-05-21 03:00:22"}
{"environment":"development","level":"info","message":"✅ PostgreSQL connected","service":"dairy-backend","timestamp":"2026-05-21 03:00:24"}
{"environment":"development","level":"info","message":"✅ PostgreSQL connected","service":"dairy-backend","timestamp":"2026-05-21 03:00:24"}
{"environment":"development","level":"info","message":"✅ Redis connected","service":"dairy-backend","timestamp":"2026-05-21 03:00:24"}
{"environment":"development","level":"info","message":"🚀 Server running in development mode on port 5000","service":"dairy-backend","timestamp":"2026-05-21 03:00:24"}
{"environment":"development","level":"info","message":"✅ Redis connected","service":"dairy-backend","timestamp":"2026-05-21 03:00:24"}
{"environment":"development","level":"info","message":"🚀 Server running in development mode on port 5000","service":"dairy-backend","timestamp":"2026-05-21 03:00:24"}
{"environment":"development","level":"warn","message":"🛑 SIGINT received","service":"dairy-backend","timestamp":"2026-05-21 05:25:48"}
{"environment":"development","level":"info","message":"Redis disconnected","service":"dairy-backend","timestamp":"2026-05-21 05:25:48"}
{"environment":"development","level":"info","message":"✅ PostgreSQL connected","service":"dairy-backend","timestamp":"2026-05-21 18:33:09"}
{"environment":"development","level":"info","message":"✅ Redis connected","service":"dairy-backend","timestamp":"2026-05-21 18:33:09"}
{"environment":"development","level":"info","message":"🚀 Server running in development mode on port 5000","service":"dairy-backend","timestamp":"2026-05-21 18:33:09"}
{"environment":"development","level":"info","message":"✅ PostgreSQL connected","service":"dairy-backend","timestamp":"2026-05-21 18:35:26"}
{"environment":"development","level":"info","message":"✅ Redis connected","service":"dairy-backend","timestamp":"2026-05-21 18:35:26"}
{"environment":"development","level":"info","message":"🚀 Server running in development mode on port 5000","service":"dairy-backend","timestamp":"2026-05-21 18:35:26"}
{"environment":"development","level":"info","message":"✅ PostgreSQL connected","service":"dairy-backend","timestamp":"2026-05-21 18:36:57"}
{"environment":"development","level":"info","message":"✅ Redis connected","service":"dairy-backend","timestamp":"2026-05-21 18:36:57"}
{"environment":"development","level":"info","message":"🚀 Server running in development mode on port 5000","service":"dairy-backend","timestamp":"2026-05-21 18:36:57"}
{"environment":"development","level":"info","message":"✅ PostgreSQL connected","service":"dairy-backend","timestamp":"2026-05-21 18:47:50"}
{"environment":"development","level":"info","message":"✅ PostgreSQL connected","service":"dairy-backend","timestamp":"2026-05-21 18:47:50"}
{"environment":"development","level":"info","message":"✅ Redis connected","service":"dairy-backend","timestamp":"2026-05-21 18:47:50"}
{"environment":"development","level":"info","message":"✅ Redis connected","service":"dairy-backend","timestamp":"2026-05-21 18:47:50"}
{"environment":"development","level":"info","message":"🚀 Server running in development mode on port 5000","service":"dairy-backend","timestamp":"2026-05-21 18:47:50"}
{"environment":"development","level":"info","message":"🚀 Server running in development mode on port 5000","service":"dairy-backend","timestamp":"2026-05-21 18:47:50"}
{"code":"ADMIN_NOT_FOUND","environment":"development","ip":"127.0.0.1","level":"error","message":"Admin not found","method":"POST","service":"dairy-backend","stack":"Error: Admin not found\n    at Module.login (/Users/adityasupekar/Desktop/dairy/src/modules/auth/auth.service.ts:280:19)\n    at async <anonymous> (/Users/adityasupekar/Desktop/dairy/src/modules/auth/auth.controller.ts:71:17)","statusCode":404,"timestamp":"2026-05-21 18:48:41","url":"/api/v1/auth/login","userAgent":"okhttp/4.12.0"}
{"code":"ADMIN_NOT_FOUND","environment":"development","ip":"127.0.0.1","level":"error","message":"Admin not found","method":"POST","service":"dairy-backend","stack":"Error: Admin not found\n    at Module.login (/Users/adityasupekar/Desktop/dairy/src/modules/auth/auth.service.ts:280:19)\n    at async <anonymous> (/Users/adityasupekar/Desktop/dairy/src/modules/auth/auth.controller.ts:71:17)","statusCode":404,"timestamp":"2026-05-21 18:48:52","url":"/api/v1/auth/login","userAgent":"okhttp/4.12.0"}
{"code":"ADMIN_NOT_FOUND","environment":"development","ip":"127.0.0.1","level":"error","message":"Admin not found","method":"POST","service":"dairy-backend","stack":"Error: Admin not found\n    at Module.login (/Users/adityasupekar/Desktop/dairy/src/modules/auth/auth.service.ts:280:19)\n    at async <anonymous> (/Users/adityasupekar/Desktop/dairy/src/modules/auth/auth.controller.ts:71:17)","statusCode":404,"timestamp":"2026-05-21 18:49:34","url":"/api/v1/auth/login","userAgent":"okhttp/4.12.0"}
{"code":"ADMIN_NOT_FOUND","environment":"development","ip":"127.0.0.1","level":"error","message":"Admin not found","method":"POST","service":"dairy-backend","stack":"Error: Admin not found\n    at Module.login (/Users/adityasupekar/Desktop/dairy/src/modules/auth/auth.service.ts:280:19)\n    at async <anonymous> (/Users/adityasupekar/Desktop/dairy/src/modules/auth/auth.controller.ts:71:17)","statusCode":404,"timestamp":"2026-05-21 18:49:36","url":"/api/v1/auth/login","userAgent":"okhttp/4.12.0"}
{"code":"ADMIN_NOT_FOUND","environment":"development","ip":"127.0.0.1","level":"error","message":"Admin not found","method":"POST","service":"dairy-backend","stack":"Error: Admin not found\n    at Module.login (/Users/adityasupekar/Desktop/dairy/src/modules/auth/auth.service.ts:280:19)\n    at async <anonymous> (/Users/adityasupekar/Desktop/dairy/src/modules/auth/auth.controller.ts:71:17)","statusCode":404,"timestamp":"2026-05-21 18:49:56","url":"/api/v1/auth/login","userAgent":"okhttp/4.12.0"}
{"code":"ADMIN_NOT_FOUND","environment":"development","ip":"127.0.0.1","level":"error","message":"Admin not found","method":"POST","service":"dairy-backend","stack":"Error: Admin not found\n    at Module.login (/Users/adityasupekar/Desktop/dairy/src/modules/auth/auth.service.ts:280:19)\n    at async <anonymous> (/Users/adityasupekar/Desktop/dairy/src/modules/auth/auth.controller.ts:71:17)","statusCode":404,"timestamp":"2026-05-21 18:50:25","url":"/api/v1/auth/login","userAgent":"okhttp/4.12.0"}
{"code":"ADMIN_NOT_FOUND","environment":"development","ip":"127.0.0.1","level":"error","message":"Admin not found","method":"POST","service":"dairy-backend","stack":"Error: Admin not found\n    at Module.login (/Users/adityasupekar/Desktop/dairy/src/modules/auth/auth.service.ts:280:19)\n    at async <anonymous> (/Users/adityasupekar/Desktop/dairy/src/modules/auth/auth.controller.ts:71:17)","statusCode":404,"timestamp":"2026-05-21 18:50:58","url":"/api/v1/auth/login","userAgent":"okhttp/4.12.0"}
{"environment":"development","level":"info","message":"✅ PostgreSQL connected","service":"dairy-backend","timestamp":"2026-05-21 18:56:00"}
{"environment":"development","level":"info","message":"✅ PostgreSQL connected","service":"dairy-backend","timestamp":"2026-05-21 18:56:00"}
{"environment":"development","level":"info","message":"✅ Redis connected","service":"dairy-backend","timestamp":"2026-05-21 18:56:00"}
{"environment":"development","level":"info","message":"✅ Redis connected","service":"dairy-backend","timestamp":"2026-05-21 18:56:00"}
{"environment":"development","level":"info","message":"🚀 Server running in development mode on port 5000","service":"dairy-backend","timestamp":"2026-05-21 18:56:00"}
{"environment":"development","level":"info","message":"🚀 Server running in development mode on port 5000","service":"dairy-backend","timestamp":"2026-05-21 18:56:00"}
{"environment":"development","level":"warn","message":"🛑 SIGINT received","service":"dairy-backend","timestamp":"2026-05-21 18:58:40"}
{"environment":"development","level":"info","message":"Redis disconnected","service":"dairy-backend","timestamp":"2026-05-21 18:58:40"}
{"environment":"development","level":"info","message":"✅ PostgreSQL connected","service":"dairy-backend","timestamp":"2026-05-21 18:58:54"}
{"environment":"development","level":"info","message":"✅ Redis connected","service":"dairy-backend","timestamp":"2026-05-21 18:58:54"}
{"environment":"development","level":"info","message":"🚀 Server running in development mode on port 5000","service":"dairy-backend","timestamp":"2026-05-21 18:58:54"}
{"code":"ADMIN_NOT_FOUND","environment":"development","ip":"127.0.0.1","level":"error","message":"Admin not found","method":"POST","service":"dairy-backend","stack":"Error: Admin not found\n    at Module.login (/Users/adityasupekar/Desktop/dairy/src/modules/auth/auth.service.ts:280:19)\n    at async <anonymous> (/Users/adityasupekar/Desktop/dairy/src/modules/auth/auth.controller.ts:71:17)","statusCode":404,"timestamp":"2026-05-21 19:13:38","url":"/api/v1/auth/login","userAgent":"PostmanRuntime/7.54.0"}
{"environment":"development","level":"info","message":"✅ PostgreSQL connected","service":"dairy-backend","timestamp":"2026-05-21 19:17:38"}
{"environment":"development","level":"info","message":"✅ PostgreSQL connected","service":"dairy-backend","timestamp":"2026-05-21 19:17:38"}
{"environment":"development","level":"info","message":"✅ Redis connected","service":"dairy-backend","timestamp":"2026-05-21 19:17:38"}
{"environment":"development","level":"info","message":"✅ Redis connected","service":"dairy-backend","timestamp":"2026-05-21 19:17:38"}
{"environment":"development","level":"info","message":"🚀 Server running in development mode on port 5000","service":"dairy-backend","timestamp":"2026-05-21 19:17:38"}
{"environment":"development","level":"info","message":"🚀 Server running in development mode on port 5000","service":"dairy-backend","timestamp":"2026-05-21 19:17:38"}
{"code":"ADMIN_NOT_FOUND","environment":"development","ip":"192.168.1.10","level":"error","message":"Admin not found","method":"POST","service":"dairy-backend","stack":"Error: Admin not found\n    at Module.login (/Users/adityasupekar/Desktop/dairy/src/modules/auth/auth.service.ts:280:19)\n    at async <anonymous> (/Users/adityasupekar/Desktop/dairy/src/modules/auth/auth.controller.ts:71:17)","statusCode":404,"timestamp":"2026-05-21 19:18:08","url":"/api/v1/auth/login","userAgent":"okhttp/4.12.0"}
{"environment":"development","level":"warn","message":"🛑 SIGINT received","service":"dairy-backend","timestamp":"2026-05-21 21:20:44"}
{"environment":"development","level":"info","message":"Redis disconnected","service":"dairy-backend","timestamp":"2026-05-21 21:20:44"}
