{"adminId":"cmphe7bik000bufv3xv9pa5ay","cacheKey":"today-milk-entries:cmphe7bik000bufv3xv9pa5ay:2026-05-23","environment":"development","level":"info","message":"REDIS HIT: TODAY MILK ENTRIES","service":"dairy-backend","timestamp":"2026-05-24 00:00:27"}
{"adminId":"cmphe7bik000bufv3xv9pa5ay","cacheKey":"milk-entries-by-date:cmphe7bik000bufv3xv9pa5ay:2026-05-23:1:50","date":"2026-05-23","environment":"development","level":"info","message":"MILK ENTRIES BY DATE STORED IN REDIS","service":"dairy-backend","timestamp":"2026-05-24 00:00:50"}
{"adminId":"cmphe7bik000bufv3xv9pa5ay","cacheKey":"today-milk-entries:cmphe7bik000bufv3xv9pa5ay:2026-05-23","environment":"development","level":"info","message":"REDIS HIT: TODAY MILK ENTRIES","service":"dairy-backend","timestamp":"2026-05-24 00:02:56"}
{"adminId":"cmphe7bik000bufv3xv9pa5ay","cacheKey":"today-milk-entries:cmphe7bik000bufv3xv9pa5ay:2026-05-23","environment":"development","level":"info","message":"REDIS HIT: TODAY MILK ENTRIES","service":"dairy-backend","timestamp":"2026-05-24 00:02:57"}
{"adminId":"cmphe7bik000bufv3xv9pa5ay","cacheKey":"milk-entries-by-date:cmphe7bik000bufv3xv9pa5ay:2026-05-23:1:50","date":"2026-05-23","environment":"development","level":"info","message":"REDIS HIT: MILK ENTRIES BY DATE","service":"dairy-backend","timestamp":"2026-05-24 00:02:58"}
{"adminId":"cmphe7bik000bufv3xv9pa5ay","cacheKey":"milk-entries-by-date:cmphe7bik000bufv3xv9pa5ay:2026-05-24:1:50","date":"2026-05-24","environment":"development","level":"info","message":"MILK ENTRIES BY DATE STORED IN REDIS","service":"dairy-backend","timestamp":"2026-05-24 00:03:04"}
{"adminId":"cmphe7bik000bufv3xv9pa5ay","cacheKey":"milk-entries-by-date:cmphe7bik000bufv3xv9pa5ay:2026-05-23:1:50","date":"2026-05-23","environment":"development","level":"info","message":"REDIS HIT: MILK ENTRIES BY DATE","service":"dairy-backend","timestamp":"2026-05-24 00:03:09"}
{"adminId":"cmphe7bik000bufv3xv9pa5ay","cacheKey":"milk-entries-by-date:cmphe7bik000bufv3xv9pa5ay:2026-05-22:1:50","date":"2026-05-22","environment":"development","level":"info","message":"MILK ENTRIES BY DATE STORED IN REDIS","service":"dairy-backend","timestamp":"2026-05-24 00:03:13"}
{"adminId":"cmphe7bik000bufv3xv9pa5ay","cacheKey":"milk-entries-by-date:cmphe7bik000bufv3xv9pa5ay:2026-05-23:1:50","date":"2026-05-23","environment":"development","level":"info","message":"REDIS HIT: MILK ENTRIES BY DATE","service":"dairy-backend","timestamp":"2026-05-24 00:03:26"}
{"adminId":"cmphe7bik000bufv3xv9pa5ay","cacheKey":"milk-entries-by-date:cmphe7bik000bufv3xv9pa5ay:2026-05-23:1:50","date":"2026-05-23","environment":"development","level":"info","message":"REDIS HIT: MILK ENTRIES BY DATE","service":"dairy-backend","timestamp":"2026-05-24 00:03:41"}
{"adminId":"cmphe7bik000bufv3xv9pa5ay","code":3,"customerId":"cmpioexjp0001ufubs7w27rau","entryId":"cmpiovkq8000dufubxxb810eg","environment":"development","level":"info","message":"MILK ENTRY CREATED","service":"dairy-backend","timestamp":"2026-05-24 00:05:45"}
{"cacheKey":"today-milk-entries:cmphe7bik000bufv3xv9pa5ay:2026-05-23","environment":"development","level":"info","message":"UPDATING TODAY ENTRIES CACHE","service":"dairy-backend","timestamp":"2026-05-24 00:05:45"}
{"adminId":"cmphe7bik000bufv3xv9pa5ay","cacheKey":"today-milk-entries:cmphe7bik000bufv3xv9pa5ay:2026-05-23","environment":"development","level":"info","message":"REDIS HIT: TODAY MILK ENTRIES","service":"dairy-backend","timestamp":"2026-05-24 00:05:46"}
{"adminId":"cmphe7bik000bufv3xv9pa5ay","cacheKey":"today-milk-entries:cmphe7bik000bufv3xv9pa5ay:2026-05-23","environment":"development","level":"info","message":"REDIS HIT: TODAY MILK ENTRIES","service":"dairy-backend","timestamp":"2026-05-24 00:05:48"}
{"adminId":"cmphe7bik000bufv3xv9pa5ay","cacheKey":"milk-entries-by-date:cmphe7bik000bufv3xv9pa5ay:2026-05-23:1:50","date":"2026-05-23","environment":"development","level":"info","message":"MILK ENTRIES BY DATE STORED IN REDIS","service":"dairy-backend","timestamp":"2026-05-24 00:06:32"}
{"adminId":"cmphe7bik000bufv3xv9pa5ay","cacheKey":"today-milk-entries:cmphe7bik000bufv3xv9pa5ay:2026-05-23","environment":"development","level":"info","message":"REDIS HIT: TODAY MILK ENTRIES","service":"dairy-backend","timestamp":"2026-05-24 00:07:02"}
{"adminId":"cmphe7bik000bufv3xv9pa5ay","cacheKey":"today-milk-entries:cmphe7bik000bufv3xv9pa5ay:2026-05-23","environment":"development","level":"info","message":"REDIS HIT: TODAY MILK ENTRIES","service":"dairy-backend","timestamp":"2026-05-24 00:07:04"}
{"adminId":"cmphe7bik000bufv3xv9pa5ay","cacheKey":"today-milk-entries:cmphe7bik000bufv3xv9pa5ay:2026-05-23","environment":"development","level":"info","message":"REDIS HIT: TODAY MILK ENTRIES","service":"dairy-backend","timestamp":"2026-05-24 00:07:35"}
{"adminId":"cmphe7bik000bufv3xv9pa5ay","cacheKey":"today-milk-entries:cmphe7bik000bufv3xv9pa5ay:2026-05-23","environment":"development","level":"info","message":"REDIS HIT: TODAY MILK ENTRIES","service":"dairy-backend","timestamp":"2026-05-24 00:07:35"}
{"adminId":"cmphe7bik000bufv3xv9pa5ay","cacheKey":"today-milk-entries:cmphe7bik000bufv3xv9pa5ay:2026-05-23","environment":"development","level":"info","message":"REDIS HIT: TODAY MILK ENTRIES","service":"dairy-backend","timestamp":"2026-05-24 00:09:19"}
{"adminId":"cmphe7bik000bufv3xv9pa5ay","cacheKey":"today-milk-entries:cmphe7bik000bufv3xv9pa5ay:2026-05-23","environment":"development","level":"info","message":"REDIS HIT: TODAY MILK ENTRIES","service":"dairy-backend","timestamp":"2026-05-24 00:09:19"}
{"adminId":"cmphe7bik000bufv3xv9pa5ay","cacheKey":"milk-entries-by-date:cmphe7bik000bufv3xv9pa5ay:2026-05-23:1:50","date":"2026-05-23","environment":"development","level":"info","message":"REDIS HIT: MILK ENTRIES BY DATE","service":"dairy-backend","timestamp":"2026-05-24 00:09:24"}
{"adminId":"cmphe7bik000bufv3xv9pa5ay","cacheKey":"milk-entries-by-date:cmphe7bik000bufv3xv9pa5ay:2026-05-24:1:50","date":"2026-05-24","environment":"development","level":"info","message":"MILK ENTRIES BY DATE STORED IN REDIS","service":"dairy-backend","timestamp":"2026-05-24 00:09:39"}
{"adminId":"cmphe7bik000bufv3xv9pa5ay","cacheKey":"milk-entries-by-date:cmphe7bik000bufv3xv9pa5ay:2026-05-23:1:50","date":"2026-05-23","environment":"development","level":"info","message":"REDIS HIT: MILK ENTRIES BY DATE","service":"dairy-backend","timestamp":"2026-05-24 00:09:56"}
{"adminId":"cmphe7bik000bufv3xv9pa5ay","cacheKey":"today-milk-entries:cmphe7bik000bufv3xv9pa5ay:2026-05-23","environment":"development","level":"info","message":"REDIS HIT: TODAY MILK ENTRIES","service":"dairy-backend","timestamp":"2026-05-24 00:17:10"}
{"adminId":"cmphe7bik000bufv3xv9pa5ay","code":4,"customerId":"cmpiofg460003ufubtxld3ss5","entryId":"cmpipbqc7000fufubpnimcjib","environment":"development","level":"info","message":"MILK ENTRY CREATED","service":"dairy-backend","timestamp":"2026-05-24 00:18:18"}
{"cacheKey":"today-milk-entries:cmphe7bik000bufv3xv9pa5ay:2026-05-23","environment":"development","level":"info","message":"UPDATING TODAY ENTRIES CACHE","service":"dairy-backend","timestamp":"2026-05-24 00:18:18"}
{"adminId":"cmphe7bik000bufv3xv9pa5ay","cacheKey":"today-milk-entries:cmphe7bik000bufv3xv9pa5ay:2026-05-23","environment":"development","level":"info","message":"REDIS HIT: TODAY MILK ENTRIES","service":"dairy-backend","timestamp":"2026-05-24 00:18:19"}
{"adminId":"cmphe7bik000bufv3xv9pa5ay","cacheKey":"today-milk-entries:cmphe7bik000bufv3xv9pa5ay:2026-05-23","environment":"development","level":"info","message":"REDIS HIT: TODAY MILK ENTRIES","service":"dairy-backend","timestamp":"2026-05-24 00:18:20"}
{"environment":"development","level":"info","message":"✅ PostgreSQL connected","service":"dairy-backend","timestamp":"2026-05-24 00:25:29"}
{"environment":"development","level":"info","message":"Redis connecting...","service":"dairy-backend","timestamp":"2026-05-24 00:25:29"}
{"environment":"development","level":"info","message":"✅ Redis ready","service":"dairy-backend","timestamp":"2026-05-24 00:25:29"}
{"environment":"development","level":"info","message":"🚀 Server running in development mode on port 5000","service":"dairy-backend","timestamp":"2026-05-24 00:25:29"}
{"environment":"development","level":"info","message":"✅ PostgreSQL connected","service":"dairy-backend","timestamp":"2026-05-24 00:25:37"}
{"environment":"development","level":"info","message":"Redis connecting...","service":"dairy-backend","timestamp":"2026-05-24 00:25:37"}
{"environment":"development","level":"info","message":"✅ Redis ready","service":"dairy-backend","timestamp":"2026-05-24 00:25:37"}
{"environment":"development","level":"info","message":"🚀 Server running in development mode on port 5000","service":"dairy-backend","timestamp":"2026-05-24 00:25:37"}
{"environment":"development","level":"info","message":"✅ PostgreSQL connected","service":"dairy-backend","timestamp":"2026-05-24 00:25:42"}
{"environment":"development","level":"info","message":"Redis connecting...","service":"dairy-backend","timestamp":"2026-05-24 00:25:42"}
{"environment":"development","level":"info","message":"✅ Redis ready","service":"dairy-backend","timestamp":"2026-05-24 00:25:42"}
{"environment":"development","level":"info","message":"🚀 Server running in development mode on port 5000","service":"dairy-backend","timestamp":"2026-05-24 00:25:42"}
{"environment":"development","level":"info","message":"✅ PostgreSQL connected","service":"dairy-backend","timestamp":"2026-05-24 00:25:47"}
{"environment":"development","level":"info","message":"Redis connecting...","service":"dairy-backend","timestamp":"2026-05-24 00:25:47"}
{"environment":"development","level":"info","message":"✅ Redis ready","service":"dairy-backend","timestamp":"2026-05-24 00:25:47"}
{"environment":"development","level":"info","message":"🚀 Server running in development mode on port 5000","service":"dairy-backend","timestamp":"2026-05-24 00:25:47"}
{"adminId":"cmphe7bik000bufv3xv9pa5ay","code":5,"customerId":"cmpiofy060005ufub8adhkvqw","entryId":"cmpipmxjr0001uffex5krwfsh","environment":"development","level":"info","message":"MILK ENTRY CREATED","service":"dairy-backend","timestamp":"2026-05-24 00:27:01"}
{"cacheKey":"today-milk-entries:cmphe7bik000bufv3xv9pa5ay:2026-05-23","environment":"development","level":"info","message":"UPDATING TODAY ENTRIES CACHE","service":"dairy-backend","timestamp":"2026-05-24 00:27:01"}
{"adminId":"cmphe7bik000bufv3xv9pa5ay","cacheKey":"today-milk-entries:cmphe7bik000bufv3xv9pa5ay:2026-05-23","environment":"development","level":"info","message":"REDIS HIT: TODAY MILK ENTRIES","service":"dairy-backend","timestamp":"2026-05-24 00:27:02"}
{"adminId":"cmphe7bik000bufv3xv9pa5ay","cacheKey":"today-milk-entries:cmphe7bik000bufv3xv9pa5ay:2026-05-23","environment":"development","level":"info","message":"REDIS HIT: TODAY MILK ENTRIES","service":"dairy-backend","timestamp":"2026-05-24 00:27:03"}
{"environment":"development","level":"info","message":"✅ PostgreSQL connected","service":"dairy-backend","timestamp":"2026-05-24 00:32:34"}
{"environment":"development","level":"info","message":"Redis connecting...","service":"dairy-backend","timestamp":"2026-05-24 00:32:34"}
{"environment":"development","level":"info","message":"✅ Redis ready","service":"dairy-backend","timestamp":"2026-05-24 00:32:34"}
{"environment":"development","level":"info","message":"🚀 Server running in development mode on port 5000","service":"dairy-backend","timestamp":"2026-05-24 00:32:34"}
{"adminId":"cmphe7bik000bufv3xv9pa5ay","cacheKey":"today-milk-entries:cmphe7bik000bufv3xv9pa5ay:2026-05-24","environment":"development","level":"info","message":"REDIS MISS: TODAY MILK ENTRIES","service":"dairy-backend","timestamp":"2026-05-24 00:32:38"}
{"adminId":"cmphe7bik000bufv3xv9pa5ay","cacheKey":"today-milk-entries:cmphe7bik000bufv3xv9pa5ay:2026-05-24","environment":"development","level":"info","message":"TODAY MILK ENTRIES STORED IN REDIS","service":"dairy-backend","timestamp":"2026-05-24 00:32:39","totalEntries":0}
{"adminId":"cmphe7bik000bufv3xv9pa5ay","cacheKey":"today-milk-entries:cmphe7bik000bufv3xv9pa5ay:2026-05-24","environment":"development","level":"info","message":"REDIS HIT: TODAY MILK ENTRIES","service":"dairy-backend","timestamp":"2026-05-24 00:32:39"}
{"customerId":"cmphkbkez0007uflc9vo8jt9i","date":"2026-05-23","environment":"development","level":"warn","message":"ENTRY ALREADY EXISTS","service":"dairy-backend","shift":"MORNING","timestamp":"2026-05-24 00:33:36"}
{"code":"INTERNAL_SERVER_ERROR","environment":"development","ip":"192.168.1.13","level":"error","message":"Entry for MORNING shift already exists on this date","method":"POST","service":"dairy-backend","stack":"Error: Entry for MORNING shift already exists on this date\n    at Object.createMilkEntry (/Users/adityasupekar/Desktop/dairy/src/modules/milkEntry/milkEntry.service.ts:326:13)\n    at async <anonymous> (/Users/adityasupekar/Desktop/dairy/src/modules/milkEntry/milkEntry.controller.ts:19:17)","statusCode":400,"timestamp":"2026-05-24 00:33:36","url":"/api/v1/milk/milk-entry","userAgent":"okhttp/4.12.0"}
{"adminId":"cmphe7bik000bufv3xv9pa5ay","cacheKey":"milk-entries-by-date:cmphe7bik000bufv3xv9pa5ay:2026-05-23:1:50","date":"2026-05-23","environment":"development","level":"info","message":"MILK ENTRIES BY DATE STORED IN REDIS","service":"dairy-backend","timestamp":"2026-05-24 00:34:08"}
{"adminId":"cmphe7bik000bufv3xv9pa5ay","cacheKey":"milk-entries-by-date:cmphe7bik000bufv3xv9pa5ay:2026-05-24:1:50","date":"2026-05-24","environment":"development","level":"info","message":"MILK ENTRIES BY DATE STORED IN REDIS","service":"dairy-backend","timestamp":"2026-05-24 00:34:10"}
{"customerId":"cmphkbkez0007uflc9vo8jt9i","date":"2026-05-23","environment":"development","level":"warn","message":"ENTRY ALREADY EXISTS","service":"dairy-backend","shift":"MORNING","timestamp":"2026-05-24 00:34:20"}
{"code":"INTERNAL_SERVER_ERROR","environment":"development","ip":"192.168.1.13","level":"error","message":"Entry for MORNING shift already exists on this date","method":"POST","service":"dairy-backend","stack":"Error: Entry for MORNING shift already exists on this date\n    at Object.createMilkEntry (/Users/adityasupekar/Desktop/dairy/src/modules/milkEntry/milkEntry.service.ts:326:13)\n    at async <anonymous> (/Users/adityasupekar/Desktop/dairy/src/modules/milkEntry/milkEntry.controller.ts:19:17)","statusCode":400,"timestamp":"2026-05-24 00:34:20","url":"/api/v1/milk/milk-entry","userAgent":"okhttp/4.12.0"}
{"environment":"development","level":"info","message":"✅ PostgreSQL connected","service":"dairy-backend","timestamp":"2026-05-24 00:35:59"}
{"environment":"development","level":"info","message":"Redis connecting...","service":"dairy-backend","timestamp":"2026-05-24 00:35:59"}
{"environment":"development","level":"info","message":"✅ Redis ready","service":"dairy-backend","timestamp":"2026-05-24 00:35:59"}
{"environment":"development","level":"info","message":"🚀 Server running in development mode on port 5000","service":"dairy-backend","timestamp":"2026-05-24 00:35:59"}
{"environment":"development","level":"info","message":"✅ PostgreSQL connected","service":"dairy-backend","timestamp":"2026-05-24 00:41:22"}
{"environment":"development","level":"info","message":"Redis connecting...","service":"dairy-backend","timestamp":"2026-05-24 00:41:22"}
{"environment":"development","level":"info","message":"✅ Redis ready","service":"dairy-backend","timestamp":"2026-05-24 00:41:22"}
{"environment":"development","level":"info","message":"🚀 Server running in development mode on port 5000","service":"dairy-backend","timestamp":"2026-05-24 00:41:22"}
{"environment":"development","level":"info","message":"✅ PostgreSQL connected","service":"dairy-backend","timestamp":"2026-05-24 00:41:35"}
{"environment":"development","level":"info","message":"Redis connecting...","service":"dairy-backend","timestamp":"2026-05-24 00:41:35"}
{"environment":"development","level":"info","message":"✅ Redis ready","service":"dairy-backend","timestamp":"2026-05-24 00:41:35"}
{"environment":"development","level":"info","message":"🚀 Server running in development mode on port 5000","service":"dairy-backend","timestamp":"2026-05-24 00:41:35"}
{"environment":"development","level":"info","message":"✅ PostgreSQL connected","service":"dairy-backend","timestamp":"2026-05-24 00:46:34"}
{"environment":"development","level":"info","message":"Redis connecting...","service":"dairy-backend","timestamp":"2026-05-24 00:46:34"}
{"environment":"development","level":"info","message":"✅ Redis ready","service":"dairy-backend","timestamp":"2026-05-24 00:46:34"}
{"environment":"development","level":"info","message":"🚀 Server running in development mode on port 5000","service":"dairy-backend","timestamp":"2026-05-24 00:46:34"}
{"environment":"development","level":"info","message":"✅ PostgreSQL connected","service":"dairy-backend","timestamp":"2026-05-24 00:48:30"}
{"environment":"development","level":"info","message":"Redis connecting...","service":"dairy-backend","timestamp":"2026-05-24 00:48:30"}
{"environment":"development","level":"info","message":"✅ Redis ready","service":"dairy-backend","timestamp":"2026-05-24 00:48:30"}
{"environment":"development","level":"info","message":"🚀 Server running in development mode on port 5000","service":"dairy-backend","timestamp":"2026-05-24 00:48:30"}
{"adminId":"cmphe7bik000bufv3xv9pa5ay","cacheKey":"today-milk-entries:cmphe7bik000bufv3xv9pa5ay:2026-05-24","environment":"development","level":"info","message":"REDIS HIT: TODAY MILK ENTRIES","service":"dairy-backend","timestamp":"2026-05-24 00:51:22"}
{"adminId":"cmphe7bik000bufv3xv9pa5ay","cacheKey":"today-milk-entries:cmphe7bik000bufv3xv9pa5ay:2026-05-24","environment":"development","level":"info","message":"REDIS HIT: TODAY MILK ENTRIES","service":"dairy-backend","timestamp":"2026-05-24 00:51:23"}
{"adminId":"cmphe7bik000bufv3xv9pa5ay","cacheKey":"today-milk-entries:cmphe7bik000bufv3xv9pa5ay:2026-05-24","environment":"development","level":"info","message":"REDIS HIT: TODAY MILK ENTRIES","service":"dairy-backend","timestamp":"2026-05-24 00:51:32"}
{"adminId":"cmphe7bik000bufv3xv9pa5ay","cacheKey":"today-milk-entries:cmphe7bik000bufv3xv9pa5ay:2026-05-24","environment":"development","level":"info","message":"REDIS HIT: TODAY MILK ENTRIES","service":"dairy-backend","timestamp":"2026-05-24 00:51:32"}
{"environment":"development","level":"warn","message":"🛑 SIGINT received","service":"dairy-backend","timestamp":"2026-05-24 00:52:00"}
{"environment":"development","level":"warn","message":"Redis disconnected","service":"dairy-backend","timestamp":"2026-05-24 00:52:00"}
{"environment":"development","level":"info","message":"✅ PostgreSQL connected","service":"dairy-backend","timestamp":"2026-05-24 00:52:11"}
{"environment":"development","level":"info","message":"Redis connecting...","service":"dairy-backend","timestamp":"2026-05-24 00:52:11"}
{"environment":"development","level":"info","message":"✅ Redis ready","service":"dairy-backend","timestamp":"2026-05-24 00:52:11"}
{"environment":"development","level":"info","message":"🚀 Server running in development mode on port 5000","service":"dairy-backend","timestamp":"2026-05-24 00:52:11"}
{"adminId":"cmphe7bik000bufv3xv9pa5ay","cacheKey":"today-milk-entries:cmphe7bik000bufv3xv9pa5ay:2026-05-24","environment":"development","level":"info","message":"REDIS HIT: TODAY MILK ENTRIES","service":"dairy-backend","timestamp":"2026-05-24 00:52:14"}
{"adminId":"cmphe7bik000bufv3xv9pa5ay","cacheKey":"today-milk-entries:cmphe7bik000bufv3xv9pa5ay:2026-05-24","environment":"development","level":"info","message":"REDIS HIT: TODAY MILK ENTRIES","service":"dairy-backend","timestamp":"2026-05-24 00:52:15"}
{"adminId":"cmphe7bik000bufv3xv9pa5ay","code":1,"customerId":"cmphkbkez0007uflc9vo8jt9i","entryId":"cmpiqkf2g0001ufwse9zxjdwp","environment":"development","level":"info","message":"MILK ENTRY CREATED","service":"dairy-backend","timestamp":"2026-05-24 00:53:03"}
{"cacheKey":"today-milk-entries:cmphe7bik000bufv3xv9pa5ay:2026-05-24","environment":"development","level":"info","message":"UPDATING TODAY ENTRIES CACHE","service":"dairy-backend","timestamp":"2026-05-24 00:53:03"}
{"adminId":"cmphe7bik000bufv3xv9pa5ay","cacheKey":"today-milk-entries:cmphe7bik000bufv3xv9pa5ay:2026-05-24","environment":"development","level":"info","message":"REDIS HIT: TODAY MILK ENTRIES","service":"dairy-backend","timestamp":"2026-05-24 00:53:05"}
{"adminId":"cmphe7bik000bufv3xv9pa5ay","cacheKey":"today-milk-entries:cmphe7bik000bufv3xv9pa5ay:2026-05-24","environment":"development","level":"info","message":"REDIS HIT: TODAY MILK ENTRIES","service":"dairy-backend","timestamp":"2026-05-24 00:53:05"}
{"adminId":"cmphe7bik000bufv3xv9pa5ay","cacheKey":"today-milk-entries:cmphe7bik000bufv3xv9pa5ay:2026-05-24","environment":"development","level":"info","message":"REDIS HIT: TODAY MILK ENTRIES","service":"dairy-backend","timestamp":"2026-05-24 00:53:15"}
{"adminId":"cmphe7bik000bufv3xv9pa5ay","cacheKey":"today-milk-entries:cmphe7bik000bufv3xv9pa5ay:2026-05-24","environment":"development","level":"info","message":"REDIS HIT: TODAY MILK ENTRIES","service":"dairy-backend","timestamp":"2026-05-24 00:53:16"}
{"adminId":"cmphe7bik000bufv3xv9pa5ay","cacheKey":"milk-entries-by-date:cmphe7bik000bufv3xv9pa5ay:2026-05-23:1:50","date":"2026-05-23","environment":"development","level":"info","message":"MILK ENTRIES BY DATE STORED IN REDIS","service":"dairy-backend","timestamp":"2026-05-24 00:53:24"}
{"adminId":"cmphe7bik000bufv3xv9pa5ay","cacheKey":"milk-entries-by-date:cmphe7bik000bufv3xv9pa5ay:2026-05-24:1:50","date":"2026-05-24","environment":"development","level":"info","message":"MILK ENTRIES BY DATE STORED IN REDIS","service":"dairy-backend","timestamp":"2026-05-24 00:53:32"}
{"adminId":"cmphe7bik000bufv3xv9pa5ay","cacheKey":"milk-entries-by-date:cmphe7bik000bufv3xv9pa5ay:2026-05-23:1:50","date":"2026-05-23","environment":"development","level":"info","message":"REDIS HIT: MILK ENTRIES BY DATE","service":"dairy-backend","timestamp":"2026-05-24 00:53:39"}
{"adminId":"cmphe7bik000bufv3xv9pa5ay","cacheKey":"milk-entries-by-date:cmphe7bik000bufv3xv9pa5ay:2026-05-24:1:50","date":"2026-05-24","environment":"development","level":"info","message":"REDIS HIT: MILK ENTRIES BY DATE","service":"dairy-backend","timestamp":"2026-05-24 00:53:42"}
{"environment":"development","level":"info","message":"✅ PostgreSQL connected","service":"dairy-backend","timestamp":"2026-05-24 00:54:21"}
{"environment":"development","level":"info","message":"Redis connecting...","service":"dairy-backend","timestamp":"2026-05-24 00:54:21"}
{"environment":"development","level":"info","message":"✅ Redis ready","service":"dairy-backend","timestamp":"2026-05-24 00:54:21"}
{"environment":"development","level":"info","message":"🚀 Server running in development mode on port 5000","service":"dairy-backend","timestamp":"2026-05-24 00:54:21"}
{"adminId":"cmphe7bik000bufv3xv9pa5ay","code":2,"customerId":"cmphkcd560009uflcy71edkny","entryId":"cmpiqr14o0001uf18j0ubvhay","environment":"development","level":"info","message":"MILK ENTRY CREATED","service":"dairy-backend","timestamp":"2026-05-24 00:58:12"}
{"cacheKey":"today-milk-entries:cmphe7bik000bufv3xv9pa5ay:2026-05-24","environment":"development","level":"info","message":"UPDATING TODAY ENTRIES CACHE","service":"dairy-backend","timestamp":"2026-05-24 00:58:12"}
{"adminId":"cmphe7bik000bufv3xv9pa5ay","cacheKey":"today-milk-entries:cmphe7bik000bufv3xv9pa5ay:2026-05-24","environment":"development","level":"info","message":"REDIS HIT: TODAY MILK ENTRIES","service":"dairy-backend","timestamp":"2026-05-24 00:58:13"}
{"adminId":"cmphe7bik000bufv3xv9pa5ay","cacheKey":"today-milk-entries:cmphe7bik000bufv3xv9pa5ay:2026-05-24","environment":"development","level":"info","message":"REDIS HIT: TODAY MILK ENTRIES","service":"dairy-backend","timestamp":"2026-05-24 00:58:14"}
{"environment":"development","level":"info","message":"✅ PostgreSQL connected","service":"dairy-backend","timestamp":"2026-05-24 00:58:59"}
{"environment":"development","level":"info","message":"Redis connecting...","service":"dairy-backend","timestamp":"2026-05-24 00:58:59"}
{"environment":"development","level":"info","message":"✅ Redis ready","service":"dairy-backend","timestamp":"2026-05-24 00:58:59"}
{"environment":"development","level":"info","message":"🚀 Server running in development mode on port 5000","service":"dairy-backend","timestamp":"2026-05-24 00:58:59"}
{"adminId":"cmphe7bik000bufv3xv9pa5ay","code":3,"customerId":"cmpioexjp0001ufubs7w27rau","entryId":"cmpiqsg4w0001uf8toizex6re","environment":"development","level":"info","message":"MILK ENTRY CREATED","service":"dairy-backend","timestamp":"2026-05-24 00:59:18"}
{"cacheKey":"today-milk-entries:cmphe7bik000bufv3xv9pa5ay:2026-05-24","environment":"development","level":"info","message":"UPDATING TODAY ENTRIES CACHE","service":"dairy-backend","timestamp":"2026-05-24 00:59:18"}
{"adminId":"cmphe7bik000bufv3xv9pa5ay","cacheKey":"today-milk-entries:cmphe7bik000bufv3xv9pa5ay:2026-05-24","environment":"development","level":"info","message":"REDIS HIT: TODAY MILK ENTRIES","service":"dairy-backend","timestamp":"2026-05-24 00:59:19"}
{"adminId":"cmphe7bik000bufv3xv9pa5ay","cacheKey":"today-milk-entries:cmphe7bik000bufv3xv9pa5ay:2026-05-24","environment":"development","level":"info","message":"REDIS HIT: TODAY MILK ENTRIES","service":"dairy-backend","timestamp":"2026-05-24 00:59:20"}
{"adminId":"cmphe7bik000bufv3xv9pa5ay","cacheKey":"today-milk-entries:cmphe7bik000bufv3xv9pa5ay:2026-05-24","environment":"development","level":"info","message":"REDIS HIT: TODAY MILK ENTRIES","service":"dairy-backend","timestamp":"2026-05-24 01:00:08"}
{"adminId":"cmphe7bik000bufv3xv9pa5ay","cacheKey":"today-milk-entries:cmphe7bik000bufv3xv9pa5ay:2026-05-24","environment":"development","level":"info","message":"REDIS HIT: TODAY MILK ENTRIES","service":"dairy-backend","timestamp":"2026-05-24 01:00:09"}
{"adminId":"cmphe7bik000bufv3xv9pa5ay","cacheKey":"milk-entries-by-date:cmphe7bik000bufv3xv9pa5ay:2026-05-23:1:50","date":"2026-05-23","environment":"development","level":"info","message":"MILK ENTRIES BY DATE STORED IN REDIS","service":"dairy-backend","timestamp":"2026-05-24 01:00:14"}
{"adminId":"cmphe7bik000bufv3xv9pa5ay","cacheKey":"milk-entries-by-date:cmphe7bik000bufv3xv9pa5ay:2026-05-24:1:50","date":"2026-05-24","environment":"development","level":"info","message":"MILK ENTRIES BY DATE STORED IN REDIS","service":"dairy-backend","timestamp":"2026-05-24 01:00:19"}
{"environment":"development","level":"info","message":"✅ PostgreSQL connected","service":"dairy-backend","timestamp":"2026-05-24 01:00:55"}
{"environment":"development","level":"info","message":"Redis connecting...","service":"dairy-backend","timestamp":"2026-05-24 01:00:55"}
{"environment":"development","level":"info","message":"✅ Redis ready","service":"dairy-backend","timestamp":"2026-05-24 01:00:55"}
{"environment":"development","level":"info","message":"🚀 Server running in development mode on port 5000","service":"dairy-backend","timestamp":"2026-05-24 01:00:55"}
{"environment":"development","level":"info","message":"✅ PostgreSQL connected","service":"dairy-backend","timestamp":"2026-05-24 01:05:40"}
{"environment":"development","level":"info","message":"Redis connecting...","service":"dairy-backend","timestamp":"2026-05-24 01:05:40"}
{"environment":"development","level":"info","message":"✅ Redis ready","service":"dairy-backend","timestamp":"2026-05-24 01:05:40"}
{"environment":"development","level":"info","message":"🚀 Server running in development mode on port 5000","service":"dairy-backend","timestamp":"2026-05-24 01:05:40"}
{"adminId":"cmphe7bik000bufv3xv9pa5ay","cacheKey":"today-milk-entries:cmphe7bik000bufv3xv9pa5ay:2026-05-24","environment":"development","level":"info","message":"REDIS HIT: TODAY MILK ENTRIES","service":"dairy-backend","timestamp":"2026-05-24 01:09:38"}
{"adminId":"cmphe7bik000bufv3xv9pa5ay","code":4,"customerId":"cmpiofg460003ufubtxld3ss5","entryId":"cmpir65gr0001ufl8s2nk7qiu","environment":"development","level":"info","message":"MILK ENTRY CREATED","service":"dairy-backend","timestamp":"2026-05-24 01:09:57"}
{"cacheKey":"today-milk-entries:cmphe7bik000bufv3xv9pa5ay:2026-05-24","environment":"development","level":"info","message":"UPDATING TODAY ENTRIES CACHE","service":"dairy-backend","timestamp":"2026-05-24 01:09:57"}
{"adminId":"cmphe7bik000bufv3xv9pa5ay","cacheKey":"today-milk-entries:cmphe7bik000bufv3xv9pa5ay:2026-05-24","environment":"development","level":"info","message":"REDIS HIT: TODAY MILK ENTRIES","service":"dairy-backend","timestamp":"2026-05-24 01:09:58"}
{"adminId":"cmphe7bik000bufv3xv9pa5ay","cacheKey":"today-milk-entries:cmphe7bik000bufv3xv9pa5ay:2026-05-24","environment":"development","level":"info","message":"REDIS HIT: TODAY MILK ENTRIES","service":"dairy-backend","timestamp":"2026-05-24 01:09:59"}
{"adminId":"cmphe7bik000bufv3xv9pa5ay","code":5,"customerId":"cmpiofy060005ufub8adhkvqw","entryId":"cmpirbjor0003ufl88xuk5prj","environment":"development","level":"info","message":"MILK ENTRY CREATED","service":"dairy-backend","timestamp":"2026-05-24 01:14:09"}
{"cacheKey":"today-milk-entries:cmphe7bik000bufv3xv9pa5ay:2026-05-24","environment":"development","level":"info","message":"UPDATING TODAY ENTRIES CACHE","service":"dairy-backend","timestamp":"2026-05-24 01:14:09"}
{"adminId":"cmphe7bik000bufv3xv9pa5ay","cacheKey":"today-milk-entries:cmphe7bik000bufv3xv9pa5ay:2026-05-24","environment":"development","level":"info","message":"REDIS HIT: TODAY MILK ENTRIES","service":"dairy-backend","timestamp":"2026-05-24 01:14:10"}
{"adminId":"cmphe7bik000bufv3xv9pa5ay","cacheKey":"today-milk-entries:cmphe7bik000bufv3xv9pa5ay:2026-05-24","environment":"development","level":"info","message":"REDIS HIT: TODAY MILK ENTRIES","service":"dairy-backend","timestamp":"2026-05-24 01:14:11"}
{"adminId":"cmphe7bik000bufv3xv9pa5ay","cacheKey":"today-milk-entries:cmphe7bik000bufv3xv9pa5ay:2026-05-24","environment":"development","level":"info","message":"REDIS HIT: TODAY MILK ENTRIES","service":"dairy-backend","timestamp":"2026-05-24 01:17:07"}
{"adminId":"cmphe7bik000bufv3xv9pa5ay","cacheKey":"today-milk-entries:cmphe7bik000bufv3xv9pa5ay:2026-05-24","environment":"development","level":"info","message":"REDIS HIT: TODAY MILK ENTRIES","service":"dairy-backend","timestamp":"2026-05-24 01:17:22"}
{"adminId":"cmphe7bik000bufv3xv9pa5ay","cacheKey":"today-milk-entries:cmphe7bik000bufv3xv9pa5ay:2026-05-24","environment":"development","level":"info","message":"REDIS HIT: TODAY MILK ENTRIES","service":"dairy-backend","timestamp":"2026-05-24 01:17:23"}
{"adminId":"cmphe7bik000bufv3xv9pa5ay","cacheKey":"today-milk-entries:cmphe7bik000bufv3xv9pa5ay:2026-05-24","environment":"development","level":"info","message":"REDIS HIT: TODAY MILK ENTRIES","service":"dairy-backend","timestamp":"2026-05-24 01:17:51"}
{"adminId":"cmphe7bik000bufv3xv9pa5ay","cacheKey":"today-milk-entries:cmphe7bik000bufv3xv9pa5ay:2026-05-24","environment":"development","level":"info","message":"REDIS HIT: TODAY MILK ENTRIES","service":"dairy-backend","timestamp":"2026-05-24 01:17:51"}
{"adminId":"cmphe7bik000bufv3xv9pa5ay","cacheKey":"today-milk-entries:cmphe7bik000bufv3xv9pa5ay:2026-05-24","environment":"development","level":"info","message":"REDIS HIT: TODAY MILK ENTRIES","service":"dairy-backend","timestamp":"2026-05-24 01:19:29"}
{"adminId":"cmphe7bik000bufv3xv9pa5ay","cacheKey":"today-milk-entries:cmphe7bik000bufv3xv9pa5ay:2026-05-24","environment":"development","level":"info","message":"REDIS HIT: TODAY MILK ENTRIES","service":"dairy-backend","timestamp":"2026-05-24 01:19:29"}
{"code":"ADMIN_NOT_FOUND","environment":"development","ip":"192.168.1.13","level":"error","message":"Admin not found","method":"POST","service":"dairy-backend","stack":"Error: Admin not found\n    at Module.login (/Users/adityasupekar/Desktop/dairy/src/modules/auth/auth.service.ts:280:19)\n    at async <anonymous> (/Users/adityasupekar/Desktop/dairy/src/modules/auth/auth.controller.ts:71:17)","statusCode":404,"timestamp":"2026-05-24 01:20:17","url":"/api/v1/auth/login","userAgent":"okhttp/4.12.0"}
{"adminId":"cmphe7bik000bufv3xv9pa5ay","cacheKey":"today-milk-entries:cmphe7bik000bufv3xv9pa5ay:2026-05-24","environment":"development","level":"info","message":"REDIS HIT: TODAY MILK ENTRIES","service":"dairy-backend","timestamp":"2026-05-24 01:20:45"}
{"adminId":"cmphe7bik000bufv3xv9pa5ay","cacheKey":"today-milk-entries:cmphe7bik000bufv3xv9pa5ay:2026-05-24","environment":"development","level":"info","message":"REDIS HIT: TODAY MILK ENTRIES","service":"dairy-backend","timestamp":"2026-05-24 01:20:45"}
{"adminId":"cmphe7bik000bufv3xv9pa5ay","cacheKey":"today-milk-entries:cmphe7bik000bufv3xv9pa5ay:2026-05-24","environment":"development","level":"info","message":"REDIS HIT: TODAY MILK ENTRIES","service":"dairy-backend","timestamp":"2026-05-24 01:31:14"}
{"adminId":"cmphe7bik000bufv3xv9pa5ay","cacheKey":"today-milk-entries:cmphe7bik000bufv3xv9pa5ay:2026-05-24","environment":"development","level":"info","message":"REDIS HIT: TODAY MILK ENTRIES","service":"dairy-backend","timestamp":"2026-05-24 01:31:14"}
{"adminId":"cmphe7bik000bufv3xv9pa5ay","cacheKey":"milk-entries-by-date:cmphe7bik000bufv3xv9pa5ay:2026-05-24:1:50","date":"2026-05-24","environment":"development","level":"info","message":"MILK ENTRIES BY DATE STORED IN REDIS","service":"dairy-backend","timestamp":"2026-05-24 01:31:34"}
{"adminId":"cmphe7bik000bufv3xv9pa5ay","cacheKey":"milk-entries-by-date:cmphe7bik000bufv3xv9pa5ay:2026-05-23:1:50","date":"2026-05-23","environment":"development","level":"info","message":"MILK ENTRIES BY DATE STORED IN REDIS","service":"dairy-backend","timestamp":"2026-05-24 01:31:46"}
{"adminId":"cmphe7bik000bufv3xv9pa5ay","cacheKey":"milk-entries-by-date:cmphe7bik000bufv3xv9pa5ay:2026-05-24:1:50","date":"2026-05-24","environment":"development","level":"info","message":"REDIS HIT: MILK ENTRIES BY DATE","service":"dairy-backend","timestamp":"2026-05-24 01:31:50"}
{"adminId":"cmphe7bik000bufv3xv9pa5ay","cacheKey":"today-milk-entries:cmphe7bik000bufv3xv9pa5ay:2026-05-24","environment":"development","level":"info","message":"REDIS HIT: TODAY MILK ENTRIES","service":"dairy-backend","timestamp":"2026-05-24 01:32:12"}
{"adminId":"cmphe7bik000bufv3xv9pa5ay","cacheKey":"today-milk-entries:cmphe7bik000bufv3xv9pa5ay:2026-05-24","environment":"development","level":"info","message":"REDIS HIT: TODAY MILK ENTRIES","service":"dairy-backend","timestamp":"2026-05-24 01:32:12"}
{"adminId":"cmphe7bik000bufv3xv9pa5ay","cacheKey":"today-milk-entries:cmphe7bik000bufv3xv9pa5ay:2026-05-24","environment":"development","level":"info","message":"REDIS MISS: TODAY MILK ENTRIES","service":"dairy-backend","timestamp":"2026-05-24 01:34:44"}
{"adminId":"cmphe7bik000bufv3xv9pa5ay","cacheKey":"today-milk-entries:cmphe7bik000bufv3xv9pa5ay:2026-05-24","environment":"development","level":"info","message":"REDIS MISS: TODAY MILK ENTRIES","service":"dairy-backend","timestamp":"2026-05-24 01:34:44"}
{"adminId":"cmphe7bik000bufv3xv9pa5ay","cacheKey":"today-milk-entries:cmphe7bik000bufv3xv9pa5ay:2026-05-24","environment":"development","level":"info","message":"TODAY MILK ENTRIES STORED IN REDIS","service":"dairy-backend","timestamp":"2026-05-24 01:34:45","totalEntries":5}
{"adminId":"cmphe7bik000bufv3xv9pa5ay","cacheKey":"today-milk-entries:cmphe7bik000bufv3xv9pa5ay:2026-05-24","environment":"development","level":"info","message":"TODAY MILK ENTRIES STORED IN REDIS","service":"dairy-backend","timestamp":"2026-05-24 01:34:45","totalEntries":5}
{"adminId":"cmphe7bik000bufv3xv9pa5ay","cacheKey":"today-milk-entries:cmphe7bik000bufv3xv9pa5ay:2026-05-24","environment":"development","level":"info","message":"REDIS HIT: TODAY MILK ENTRIES","service":"dairy-backend","timestamp":"2026-05-24 01:35:22"}
{"adminId":"cmphe7bik000bufv3xv9pa5ay","cacheKey":"today-milk-entries:cmphe7bik000bufv3xv9pa5ay:2026-05-24","environment":"development","level":"info","message":"REDIS MISS: TODAY MILK ENTRIES","service":"dairy-backend","timestamp":"2026-05-24 01:37:23"}
{"adminId":"cmphe7bik000bufv3xv9pa5ay","cacheKey":"today-milk-entries:cmphe7bik000bufv3xv9pa5ay:2026-05-24","environment":"development","level":"info","message":"REDIS MISS: TODAY MILK ENTRIES","service":"dairy-backend","timestamp":"2026-05-24 01:37:23"}
{"adminId":"cmphe7bik000bufv3xv9pa5ay","cacheKey":"today-milk-entries:cmphe7bik000bufv3xv9pa5ay:2026-05-24","environment":"development","level":"info","message":"TODAY MILK ENTRIES STORED IN REDIS","service":"dairy-backend","timestamp":"2026-05-24 01:37:24","totalEntries":5}
{"adminId":"cmphe7bik000bufv3xv9pa5ay","cacheKey":"today-milk-entries:cmphe7bik000bufv3xv9pa5ay:2026-05-24","environment":"development","level":"info","message":"TODAY MILK ENTRIES STORED IN REDIS","service":"dairy-backend","timestamp":"2026-05-24 01:37:24","totalEntries":5}
{"adminId":"cmphe7bik000bufv3xv9pa5ay","cacheKey":"today-milk-entries:cmphe7bik000bufv3xv9pa5ay:2026-05-24","environment":"development","level":"info","message":"REDIS HIT: TODAY MILK ENTRIES","service":"dairy-backend","timestamp":"2026-05-24 01:38:23"}
{"adminId":"cmphe7bik000bufv3xv9pa5ay","cacheKey":"today-milk-entries:cmphe7bik000bufv3xv9pa5ay:2026-05-24","environment":"development","level":"info","message":"REDIS HIT: TODAY MILK ENTRIES","service":"dairy-backend","timestamp":"2026-05-24 01:39:37"}
{"adminId":"cmphe7bik000bufv3xv9pa5ay","cacheKey":"today-milk-entries:cmphe7bik000bufv3xv9pa5ay:2026-05-24","environment":"development","level":"info","message":"REDIS HIT: TODAY MILK ENTRIES","service":"dairy-backend","timestamp":"2026-05-24 01:44:38"}
{"adminId":"cmphe7bik000bufv3xv9pa5ay","cacheKey":"today-milk-entries:cmphe7bik000bufv3xv9pa5ay:2026-05-24","environment":"development","level":"info","message":"REDIS HIT: TODAY MILK ENTRIES","service":"dairy-backend","timestamp":"2026-05-24 01:44:59"}
{"adminId":"cmphe7bik000bufv3xv9pa5ay","cacheKey":"today-milk-entries:cmphe7bik000bufv3xv9pa5ay:2026-05-24","environment":"development","level":"info","message":"REDIS HIT: TODAY MILK ENTRIES","service":"dairy-backend","timestamp":"2026-05-24 01:45:59"}
{"adminId":"cmphe7bik000bufv3xv9pa5ay","cacheKey":"today-milk-entries:cmphe7bik000bufv3xv9pa5ay:2026-05-24","environment":"development","level":"info","message":"REDIS HIT: TODAY MILK ENTRIES","service":"dairy-backend","timestamp":"2026-05-24 01:45:59"}
{"adminId":"cmphe7bik000bufv3xv9pa5ay","cacheKey":"today-milk-entries:cmphe7bik000bufv3xv9pa5ay:2026-05-24","environment":"development","level":"info","message":"REDIS HIT: TODAY MILK ENTRIES","service":"dairy-backend","timestamp":"2026-05-24 01:46:04"}
{"adminId":"cmphe7bik000bufv3xv9pa5ay","cacheKey":"today-milk-entries:cmphe7bik000bufv3xv9pa5ay:2026-05-24","environment":"development","level":"info","message":"REDIS HIT: TODAY MILK ENTRIES","service":"dairy-backend","timestamp":"2026-05-24 01:46:04"}
{"customerId":"cmphkbkez0007uflc9vo8jt9i","date":"2026-05-24","environment":"development","level":"warn","message":"ENTRY ALREADY EXISTS","service":"dairy-backend","shift":"MORNING","timestamp":"2026-05-24 01:46:17"}
{"code":"INTERNAL_SERVER_ERROR","environment":"development","ip":"192.168.1.13","level":"error","message":"Entry for MORNING shift already exists on this date","method":"POST","service":"dairy-backend","stack":"Error: Entry for MORNING shift already exists on this date\n    at Object.createMilkEntry (/Users/adityasupekar/Desktop/dairy/src/modules/milkEntry/milkEntry.service.ts:306:13)\n    at async <anonymous> (/Users/adityasupekar/Desktop/dairy/src/modules/milkEntry/milkEntry.controller.ts:19:17)","statusCode":400,"timestamp":"2026-05-24 01:46:17","url":"/api/v1/milk/milk-entry","userAgent":"okhttp/4.12.0"}
{"adminId":"cmphe7bik000bufv3xv9pa5ay","cacheKey":"today-milk-entries:cmphe7bik000bufv3xv9pa5ay:2026-05-24","environment":"development","level":"info","message":"REDIS HIT: TODAY MILK ENTRIES","service":"dairy-backend","timestamp":"2026-05-24 01:47:27"}
{"adminId":"cmphe7bik000bufv3xv9pa5ay","cacheKey":"today-milk-entries:cmphe7bik000bufv3xv9pa5ay:2026-05-24","environment":"development","level":"info","message":"REDIS HIT: TODAY MILK ENTRIES","service":"dairy-backend","timestamp":"2026-05-24 01:47:42"}
{"adminId":"cmphe7bik000bufv3xv9pa5ay","cacheKey":"today-milk-entries:cmphe7bik000bufv3xv9pa5ay:2026-05-24","environment":"development","level":"info","message":"REDIS HIT: TODAY MILK ENTRIES","service":"dairy-backend","timestamp":"2026-05-24 01:53:42"}
{"adminId":"cmphe7bik000bufv3xv9pa5ay","cacheKey":"today-milk-entries:cmphe7bik000bufv3xv9pa5ay:2026-05-24","environment":"development","level":"info","message":"REDIS HIT: TODAY MILK ENTRIES","service":"dairy-backend","timestamp":"2026-05-24 01:53:55"}
{"adminId":"cmphe7bik000bufv3xv9pa5ay","cacheKey":"today-milk-entries:cmphe7bik000bufv3xv9pa5ay:2026-05-24","environment":"development","level":"info","message":"REDIS HIT: TODAY MILK ENTRIES","service":"dairy-backend","timestamp":"2026-05-24 01:53:55"}
{"adminId":"cmphe7bik000bufv3xv9pa5ay","cacheKey":"milk-entries-by-date:cmphe7bik000bufv3xv9pa5ay:2026-05-24:1:50","date":"2026-05-24","environment":"development","level":"info","message":"MILK ENTRIES BY DATE STORED IN REDIS","service":"dairy-backend","timestamp":"2026-05-24 01:54:01"}
{"adminId":"cmphe7bik000bufv3xv9pa5ay","cacheKey":"milk-entries-by-date:cmphe7bik000bufv3xv9pa5ay:2026-05-23:1:50","date":"2026-05-23","environment":"development","level":"info","message":"MILK ENTRIES BY DATE STORED IN REDIS","service":"dairy-backend","timestamp":"2026-05-24 01:54:07"}
{"adminId":"cmphe7bik000bufv3xv9pa5ay","cacheKey":"milk-entries-by-date:cmphe7bik000bufv3xv9pa5ay:2026-05-22:1:50","date":"2026-05-22","environment":"development","level":"info","message":"MILK ENTRIES BY DATE STORED IN REDIS","service":"dairy-backend","timestamp":"2026-05-24 01:54:14"}
{"adminId":"cmphe7bik000bufv3xv9pa5ay","cacheKey":"today-milk-entries:cmphe7bik000bufv3xv9pa5ay:2026-05-24","environment":"development","level":"info","message":"REDIS HIT: TODAY MILK ENTRIES","service":"dairy-backend","timestamp":"2026-05-24 01:54:35"}
{"adminId":"cmphe7bik000bufv3xv9pa5ay","cacheKey":"today-milk-entries:cmphe7bik000bufv3xv9pa5ay:2026-05-24","environment":"development","level":"info","message":"REDIS HIT: TODAY MILK ENTRIES","service":"dairy-backend","timestamp":"2026-05-24 01:54:35"}
{"adminId":"cmphe7bik000bufv3xv9pa5ay","cacheKey":"today-milk-entries:cmphe7bik000bufv3xv9pa5ay:2026-05-24","environment":"development","level":"info","message":"REDIS HIT: TODAY MILK ENTRIES","service":"dairy-backend","timestamp":"2026-05-24 01:55:24"}
{"adminId":"cmphe7bik000bufv3xv9pa5ay","cacheKey":"today-milk-entries:cmphe7bik000bufv3xv9pa5ay:2026-05-24","environment":"development","level":"info","message":"REDIS HIT: TODAY MILK ENTRIES","service":"dairy-backend","timestamp":"2026-05-24 01:55:24"}
{"adminId":"cmphe7bik000bufv3xv9pa5ay","code":6,"customerId":"cmpissh960005ufl8b02q8hp1","entryId":"cmpist0dv0007ufl81n1tywk2","environment":"development","level":"info","message":"MILK ENTRY CREATED","service":"dairy-backend","timestamp":"2026-05-24 01:55:44"}
{"cacheKey":"today-milk-entries:cmphe7bik000bufv3xv9pa5ay:2026-05-24","environment":"development","level":"info","message":"UPDATING TODAY ENTRIES CACHE","service":"dairy-backend","timestamp":"2026-05-24 01:55:44"}
{"adminId":"cmphe7bik000bufv3xv9pa5ay","cacheKey":"today-milk-entries:cmphe7bik000bufv3xv9pa5ay:2026-05-24","environment":"development","level":"info","message":"REDIS HIT: TODAY MILK ENTRIES","service":"dairy-backend","timestamp":"2026-05-24 01:55:45"}
{"adminId":"cmphe7bik000bufv3xv9pa5ay","cacheKey":"today-milk-entries:cmphe7bik000bufv3xv9pa5ay:2026-05-24","environment":"development","level":"info","message":"REDIS HIT: TODAY MILK ENTRIES","service":"dairy-backend","timestamp":"2026-05-24 01:55:45"}
{"code":"ADMIN_NOT_FOUND","environment":"development","ip":"192.168.1.13","level":"error","message":"Admin not found","method":"POST","service":"dairy-backend","stack":"Error: Admin not found\n    at Module.login (/Users/adityasupekar/Desktop/dairy/src/modules/auth/auth.service.ts:280:19)\n    at async <anonymous> (/Users/adityasupekar/Desktop/dairy/src/modules/auth/auth.controller.ts:71:17)","statusCode":404,"timestamp":"2026-05-24 01:56:08","url":"/api/v1/auth/login","userAgent":"okhttp/4.12.0"}
{"adminId":"cmphe7bik000bufv3xv9pa5ay","cacheKey":"today-milk-entries:cmphe7bik000bufv3xv9pa5ay:2026-05-24","environment":"development","level":"info","message":"REDIS HIT: TODAY MILK ENTRIES","service":"dairy-backend","timestamp":"2026-05-24 01:56:35"}
{"adminId":"cmphe7bik000bufv3xv9pa5ay","cacheKey":"today-milk-entries:cmphe7bik000bufv3xv9pa5ay:2026-05-24","environment":"development","level":"info","message":"REDIS HIT: TODAY MILK ENTRIES","service":"dairy-backend","timestamp":"2026-05-24 01:56:35"}
{"adminId":"cmphe7bik000bufv3xv9pa5ay","cacheKey":"today-milk-entries:cmphe7bik000bufv3xv9pa5ay:2026-05-24","environment":"development","level":"info","message":"REDIS HIT: TODAY MILK ENTRIES","service":"dairy-backend","timestamp":"2026-05-24 01:56:40"}
{"adminId":"cmphe7bik000bufv3xv9pa5ay","cacheKey":"today-milk-entries:cmphe7bik000bufv3xv9pa5ay:2026-05-24","environment":"development","level":"info","message":"REDIS HIT: TODAY MILK ENTRIES","service":"dairy-backend","timestamp":"2026-05-24 01:56:40"}
{"adminId":"cmphe7bik000bufv3xv9pa5ay","entryId":"cmpiqkf2g0001ufwse9zxjdwp","environment":"development","level":"info","message":"MILK ENTRY UPDATED","service":"dairy-backend","timestamp":"2026-05-24 01:57:04"}
{"cacheKey":"today-milk-entries:cmphe7bik000bufv3xv9pa5ay:2026-05-24","entryId":"cmpiqkf2g0001ufwse9zxjdwp","environment":"development","level":"info","message":"UPDATING REDIS CACHE AFTER UPDATE","service":"dairy-backend","timestamp":"2026-05-24 01:57:04"}
{"adminId":"cmphe7bik000bufv3xv9pa5ay","cacheKey":"today-milk-entries:cmphe7bik000bufv3xv9pa5ay:2026-05-24","environment":"development","level":"info","message":"REDIS HIT: TODAY MILK ENTRIES","service":"dairy-backend","timestamp":"2026-05-24 01:57:05"}
{"adminId":"cmphe7bik000bufv3xv9pa5ay","cacheKey":"today-milk-entries:cmphe7bik000bufv3xv9pa5ay:2026-05-24","environment":"development","level":"info","message":"REDIS HIT: TODAY MILK ENTRIES","service":"dairy-backend","timestamp":"2026-05-24 01:57:05"}
{"adminId":"cmphe7bik000bufv3xv9pa5ay","entryId":"cmpiqkf2g0001ufwse9zxjdwp","environment":"development","level":"info","message":"MILK ENTRY UPDATED","service":"dairy-backend","timestamp":"2026-05-24 01:57:22"}
{"cacheKey":"today-milk-entries:cmphe7bik000bufv3xv9pa5ay:2026-05-24","entryId":"cmpiqkf2g0001ufwse9zxjdwp","environment":"development","level":"info","message":"UPDATING REDIS CACHE AFTER UPDATE","service":"dairy-backend","timestamp":"2026-05-24 01:57:22"}
{"adminId":"cmphe7bik000bufv3xv9pa5ay","cacheKey":"today-milk-entries:cmphe7bik000bufv3xv9pa5ay:2026-05-24","environment":"development","level":"info","message":"REDIS HIT: TODAY MILK ENTRIES","service":"dairy-backend","timestamp":"2026-05-24 01:57:23"}
{"adminId":"cmphe7bik000bufv3xv9pa5ay","cacheKey":"today-milk-entries:cmphe7bik000bufv3xv9pa5ay:2026-05-24","environment":"development","level":"info","message":"REDIS HIT: TODAY MILK ENTRIES","service":"dairy-backend","timestamp":"2026-05-24 01:57:23"}
{"adminId":"cmphe7bik000bufv3xv9pa5ay","cacheKey":"milk-entries-by-date:cmphe7bik000bufv3xv9pa5ay:2026-05-24:1:50","date":"2026-05-24","environment":"development","level":"info","message":"MILK ENTRIES BY DATE STORED IN REDIS","service":"dairy-backend","timestamp":"2026-05-24 01:57:36"}
{"adminId":"cmphe7bik000bufv3xv9pa5ay","cacheKey":"milk-entries-by-date:cmphe7bik000bufv3xv9pa5ay:2026-05-23:1:50","date":"2026-05-23","environment":"development","level":"info","message":"MILK ENTRIES BY DATE STORED IN REDIS","service":"dairy-backend","timestamp":"2026-05-24 01:57:40"}
{"adminId":"cmphe7bik000bufv3xv9pa5ay","cacheKey":"milk-entries-by-date:cmphe7bik000bufv3xv9pa5ay:2026-05-24:1:50","date":"2026-05-24","environment":"development","level":"info","message":"REDIS HIT: MILK ENTRIES BY DATE","service":"dairy-backend","timestamp":"2026-05-24 01:57:48"}
{"adminId":"cmphe7bik000bufv3xv9pa5ay","cacheKey":"milk-entries-by-date:cmphe7bik000bufv3xv9pa5ay:2026-05-25:1:50","date":"2026-05-25","environment":"development","level":"info","message":"MILK ENTRIES BY DATE STORED IN REDIS","service":"dairy-backend","timestamp":"2026-05-24 01:57:55"}
{"adminId":"cmphe7bik000bufv3xv9pa5ay","cacheKey":"milk-entries-by-date:cmphe7bik000bufv3xv9pa5ay:2026-05-24:1:50","date":"2026-05-24","environment":"development","level":"info","message":"REDIS HIT: MILK ENTRIES BY DATE","service":"dairy-backend","timestamp":"2026-05-24 01:57:58"}
{"adminId":"cmphe7bik000bufv3xv9pa5ay","cacheKey":"today-milk-entries:cmphe7bik000bufv3xv9pa5ay:2026-05-24","environment":"development","level":"info","message":"REDIS HIT: TODAY MILK ENTRIES","service":"dairy-backend","timestamp":"2026-05-24 01:58:48"}
{"adminId":"cmphe7bik000bufv3xv9pa5ay","cacheKey":"today-milk-entries:cmphe7bik000bufv3xv9pa5ay:2026-05-24","environment":"development","level":"info","message":"REDIS HIT: TODAY MILK ENTRIES","service":"dairy-backend","timestamp":"2026-05-24 01:58:48"}
{"adminId":"cmphe7bik000bufv3xv9pa5ay","cacheKey":"milk-entries-by-date:cmphe7bik000bufv3xv9pa5ay:2026-05-24:1:50","date":"2026-05-24","environment":"development","level":"info","message":"REDIS HIT: MILK ENTRIES BY DATE","service":"dairy-backend","timestamp":"2026-05-24 01:59:05"}
{"adminId":"cmphe7bik000bufv3xv9pa5ay","cacheKey":"today-milk-entries:cmphe7bik000bufv3xv9pa5ay:2026-05-24","environment":"development","level":"info","message":"REDIS HIT: TODAY MILK ENTRIES","service":"dairy-backend","timestamp":"2026-05-24 02:02:37"}
{"adminId":"cmphe7bik000bufv3xv9pa5ay","cacheKey":"today-milk-entries:cmphe7bik000bufv3xv9pa5ay:2026-05-24","environment":"development","level":"info","message":"REDIS HIT: TODAY MILK ENTRIES","service":"dairy-backend","timestamp":"2026-05-24 02:02:38"}
